<html>
<body>
<pre>
<h1>�Vision Build Log</h1>
<h2>Tool Versions:</h2>
IDE-Version: ��Vision V5.40.0.0
Copyright (C) 2024 ARM Ltd and ARM Germany GmbH. All rights reserved.
License Information: w 2417100121@qq.com
w
User-based license: Keil MDK Community (non-commercial free of charge)
Valid until: Jun 1 2033. Cached until: Aug 1 2024
 
Tool Versions:
Toolchain:       Keil MDK Community (non-commercial free of charge  Version: 5.40.0.3
Toolchain Path:  E:\Keil_v5\ARM\ARMCC\Bin
C Compiler:      Armcc.exe V5.06 update 7 (build 960)
Assembler:       Armasm.exe V5.06 update 7 (build 960)
Linker/Locator:  ArmLink.exe V5.06 update 7 (build 960)
Library Manager: ArmAr.exe V5.06 update 7 (build 960)
Hex Converter:   FromElf.exe V5.06 update 7 (build 960)
CPU DLL:         SARMCM3.DLL V5.40.0.3
Dialog DLL:      DCM.DLL V1.17.5.0
Target DLL:      CMSIS_AGDI.dll V1.33.18.0
Dialog DLL:      TCM.DLL V1.56.4.0
 
<h2>Project:</h2>
C:\Users\24171\Desktop\Node\MDK-ARM\Node.uvprojx
Project File Date:  07/26/2024

<h2>Output:</h2>
*** Warning: The configured compiler version '5.06 update 7 (build 960)' does not support the selected User Based Licensing technology.
*** Using Compiler 'V5.06 update 7 (build 960)', folder: 'E:\Keil_v5\ARM\ARMCC\Bin'
Build target 'Node'
compiling main.c...
../Core/Inc/uart_at.h(42): warning:  #1295-D: Deprecated declaration AT_UART_Init - give arg types
  void AT_UART_Init(); // 初始化AT模块串口
../Core/Inc/uart_at.h(44): warning:  #1295-D: Deprecated declaration AT_MQTT_Init - give arg types
  void AT_MQTT_Init(); // MQTT初始�?
../Core/Inc/uart_at.h(45): warning:  #1295-D: Deprecated declaration Publish_MQTT_message - give arg types
  void Publish_MQTT_message(); // 消息发布
../Core/Inc/uart_at.h(46): warning:  #1295-D: Deprecated declaration Get_MQTT_message - give arg types
  void Get_MQTT_message(); // 解析订阅消息
../Core/Src/main.c(105): warning:  #223-D: function "sprintf" declared implicitly
    sprintf(mqtt_pub_data[1].value, "%d", !HAL_GPIO_ReadPin(Fire_GPIO_Port,Fire_Pin));
../Core/Src/main.c: 5 warnings, 0 errors
linking...
Program Size: Code=18656 RO-data=864 RW-data=184 ZI-data=6272  
FromELF: creating hex file...
"Node\Node.axf" - 0 Error(s), 5 Warning(s).

<h2>Software Packages used:</h2>

Package Vendor: ARM
                https://www.keil.com/pack/ARM.CMSIS.6.1.0.pack
                ARM::CMSIS@6.1.0
                CMSIS (Common Microcontroller Software Interface Standard)
   * Component: CORE Version: 6.1.0

Package Vendor: Keil
                https://www.keil.com/pack/Keil.STM32F1xx_DFP.2.4.1.pack
                Keil::STM32F1xx_DFP@2.4.1
                STMicroelectronics STM32F1 Series Device Support, Drivers and Examples

<h2>Collection of Component include folders:</h2>
  ./RTE/_Node
  E:/Arm/Packs/ARM/CMSIS/6.1.0/CMSIS/Core/Include
  E:/Arm/Packs/Keil/STM32F1xx_DFP/2.4.1/Device/Include

<h2>Collection of Component Files used:</h2>

   * Component: ARM::CMSIS:CORE@6.1.0
      Include file:  CMSIS/Core/Include/tz_context.h
Build Time Elapsed:  00:00:02
</pre>
</body>
</html>
