Component: Arm Compiler for Embedded 6.22 Tool: armlink [5ee90200]

==============================================================================

Section Cross References

    startup_stm32f103xb.o(STACK) refers (Special) to heapauxi.o(.text) for __use_two_region_memory
    startup_stm32f103xb.o(HEAP) refers (Special) to heapauxi.o(.text) for __use_two_region_memory
    startup_stm32f103xb.o(RESET) refers (Special) to heapauxi.o(.text) for __use_two_region_memory
    startup_stm32f103xb.o(RESET) refers to startup_stm32f103xb.o(STACK) for __initial_sp
    startup_stm32f103xb.o(RESET) refers to startup_stm32f103xb.o(.text) for Reset_Handler
    startup_stm32f103xb.o(RESET) refers to stm32f1xx_it.o(.text.NMI_Handler) for NMI_Handler
    startup_stm32f103xb.o(RESET) refers to stm32f1xx_it.o(.text.HardFault_Handler) for HardFault_Handler
    startup_stm32f103xb.o(RESET) refers to stm32f1xx_it.o(.text.MemManage_Handler) for MemManage_Handler
    startup_stm32f103xb.o(RESET) refers to stm32f1xx_it.o(.text.BusFault_Handler) for BusFault_Handler
    startup_stm32f103xb.o(RESET) refers to stm32f1xx_it.o(.text.UsageFault_Handler) for UsageFault_Handler
    startup_stm32f103xb.o(RESET) refers to stm32f1xx_it.o(.text.SVC_Handler) for SVC_Handler
    startup_stm32f103xb.o(RESET) refers to stm32f1xx_it.o(.text.DebugMon_Handler) for DebugMon_Handler
    startup_stm32f103xb.o(RESET) refers to stm32f1xx_it.o(.text.PendSV_Handler) for PendSV_Handler
    startup_stm32f103xb.o(RESET) refers to stm32f1xx_it.o(.text.SysTick_Handler) for SysTick_Handler
    startup_stm32f103xb.o(RESET) refers to stm32f1xx_it.o(.text.DMA1_Channel4_IRQHandler) for DMA1_Channel4_IRQHandler
    startup_stm32f103xb.o(RESET) refers to stm32f1xx_it.o(.text.DMA1_Channel5_IRQHandler) for DMA1_Channel5_IRQHandler
    startup_stm32f103xb.o(RESET) refers to stm32f1xx_it.o(.text.DMA1_Channel6_IRQHandler) for DMA1_Channel6_IRQHandler
    startup_stm32f103xb.o(RESET) refers to stm32f1xx_it.o(.text.DMA1_Channel7_IRQHandler) for DMA1_Channel7_IRQHandler
    startup_stm32f103xb.o(RESET) refers to stm32f1xx_it.o(.text.USART1_IRQHandler) for USART1_IRQHandler
    startup_stm32f103xb.o(RESET) refers to stm32f1xx_it.o(.text.USART2_IRQHandler) for USART2_IRQHandler
    startup_stm32f103xb.o(.text) refers (Special) to heapauxi.o(.text) for __use_two_region_memory
    startup_stm32f103xb.o(.text) refers to system_stm32f1xx.o(.text.SystemInit) for SystemInit
    startup_stm32f103xb.o(.text) refers to __main.o(!!!main) for __main
    startup_stm32f103xb.o(.text) refers to startup_stm32f103xb.o(HEAP) for Heap_Mem
    startup_stm32f103xb.o(.text) refers to startup_stm32f103xb.o(STACK) for Stack_Mem
    oled.o(.text.OLED_Init) refers to stm32f1xx_hal.o(.text.HAL_Delay) for HAL_Delay
    oled.o(.text.OLED_Init) refers to oled.o(.data.CMD_Data) for CMD_Data
    oled.o(.text.OLED_Init) refers to i2c.o(.bss.hi2c1) for hi2c1
    oled.o(.text.OLED_Init) refers to stm32f1xx_hal_i2c.o(.text.HAL_I2C_Mem_Write) for HAL_I2C_Mem_Write
    oled.o(.ARM.exidx.text.OLED_Init) refers to oled.o(.text.OLED_Init) for [Anonymous Symbol]
    oled.o(.text.OLED_WR_CMD) refers to i2c.o(.bss.hi2c1) for hi2c1
    oled.o(.text.OLED_WR_CMD) refers to stm32f1xx_hal_i2c.o(.text.HAL_I2C_Mem_Write) for HAL_I2C_Mem_Write
    oled.o(.ARM.exidx.text.OLED_WR_CMD) refers to oled.o(.text.OLED_WR_CMD) for [Anonymous Symbol]
    oled.o(.text.OLED_WR_DATA) refers to i2c.o(.bss.hi2c1) for hi2c1
    oled.o(.text.OLED_WR_DATA) refers to stm32f1xx_hal_i2c.o(.text.HAL_I2C_Mem_Write) for HAL_I2C_Mem_Write
    oled.o(.ARM.exidx.text.OLED_WR_DATA) refers to oled.o(.text.OLED_WR_DATA) for [Anonymous Symbol]
    oled.o(.text.OLED_On) refers to i2c.o(.bss.hi2c1) for hi2c1
    oled.o(.text.OLED_On) refers to stm32f1xx_hal_i2c.o(.text.HAL_I2C_Mem_Write) for HAL_I2C_Mem_Write
    oled.o(.ARM.exidx.text.OLED_On) refers to oled.o(.text.OLED_On) for [Anonymous Symbol]
    oled.o(.text.OLED_Clear) refers to i2c.o(.bss.hi2c1) for hi2c1
    oled.o(.text.OLED_Clear) refers to stm32f1xx_hal_i2c.o(.text.HAL_I2C_Mem_Write) for HAL_I2C_Mem_Write
    oled.o(.ARM.exidx.text.OLED_Clear) refers to oled.o(.text.OLED_Clear) for [Anonymous Symbol]
    oled.o(.text.OLED_Display_On) refers to i2c.o(.bss.hi2c1) for hi2c1
    oled.o(.text.OLED_Display_On) refers to stm32f1xx_hal_i2c.o(.text.HAL_I2C_Mem_Write) for HAL_I2C_Mem_Write
    oled.o(.ARM.exidx.text.OLED_Display_On) refers to oled.o(.text.OLED_Display_On) for [Anonymous Symbol]
    oled.o(.text.OLED_Display_Off) refers to i2c.o(.bss.hi2c1) for hi2c1
    oled.o(.text.OLED_Display_Off) refers to stm32f1xx_hal_i2c.o(.text.HAL_I2C_Mem_Write) for HAL_I2C_Mem_Write
    oled.o(.ARM.exidx.text.OLED_Display_Off) refers to oled.o(.text.OLED_Display_Off) for [Anonymous Symbol]
    oled.o(.text.OLED_Set_Pos) refers to i2c.o(.bss.hi2c1) for hi2c1
    oled.o(.text.OLED_Set_Pos) refers to stm32f1xx_hal_i2c.o(.text.HAL_I2C_Mem_Write) for HAL_I2C_Mem_Write
[...]
    __lcctype_c_end                          0x08007ca4   Data           0  lc_ctype_c.o(locale$$data)
    _strtok_saves1                           0x20000000   Data           4  strtok.o(.data)
    .data                                    0x20000000   Section        4  strtok.o(.data)
    .L_MergedGlobals                         0x20000004   Data           8  stm32f1xx_hal.o(.data..L_MergedGlobals)
    [Anonymous Symbol]                       0x20000004   Section        0  stm32f1xx_hal.o(.data..L_MergedGlobals)
    .bss                                     0x200000c8   Section       96  libspace.o(.bss)
    .L_MergedGlobals                         0x20000128   Data           2  uart_at.o(.bss..L_MergedGlobals)
    [Anonymous Symbol]                       0x20000128   Section        0  uart_at.o(.bss..L_MergedGlobals)
    .L_MergedGlobals                         0x2000012a   Data           2  main.o(.bss..L_MergedGlobals)
    [Anonymous Symbol]                       0x2000012a   Section        0  main.o(.bss..L_MergedGlobals)
    AT_UART_Send_String.AT_TX_BUFF           0x2000052c   Data        1024  uart_at.o(.bss.AT_UART_Send_String.AT_TX_BUFF)
    [Anonymous Symbol]                       0x2000052c   Section        0  uart_at.o(.bss.AT_UART_Send_String.AT_TX_BUFF)
    Heap_Mem                                 0x20000f70   Data         512  startup_stm32f103xb.o(HEAP)
    HEAP                                     0x20000f70   Section      512  startup_stm32f103xb.o(HEAP)
    Stack_Mem                                0x20001170   Data        1024  startup_stm32f103xb.o(STACK)
    STACK                                    0x20001170   Section     1024  startup_stm32f103xb.o(STACK)
    __initial_sp                             0x20001570   Data           0  startup_stm32f103xb.o(STACK)

    Global Symbols

    Symbol Name                              Value     Ov Type        Size  Object(Section)

    BuildAttributes$$THM_ISAv4$P$D$K$B$S$PE$A:L22UL41UL21$X:L11$S22US41US21$IEEE1$IW$~IW$USESV6$~STKCKD$USESV7$~SHL$OTIME$ROPI$IEEEX$EBA8$UX$STANDARDLIB$REQ8$PRES8$EABIv2 0x00000000   Number         0  anon$$obj.o ABSOLUTE
    __fp_init_empty                          0x00000000   Number         0  fpinit_empty.o ABSOLUTE
    _printf_flags                            0x00000000   Number         0  printf_stubs.o ABSOLUTE
    _printf_return_value                     0x00000000   Number         0  printf_stubs.o ABSOLUTE
    _printf_sizespec                         0x00000000   Number         0  printf_stubs.o ABSOLUTE
    _printf_widthprec                        0x00000000   Number         0  printf_stubs.o ABSOLUTE
    __ARM_exceptions_init                     - Undefined Weak Reference
    __alloca_initialize                       - Undefined Weak Reference
    __arm_preinit_                            - Undefined Weak Reference
    __arm_relocate_pie_                       - Undefined Weak Reference
    __cpp_initialize__aeabi_                  - Undefined Weak Reference
    __cxa_finalize                            - Undefined Weak Reference
    __sigvec_lookup                           - Undefined Weak Reference
    _atexit_init                              - Undefined Weak Reference
    _call_atexit_fns                          - Undefined Weak Reference
    _clock_init                               - Undefined Weak Reference
    _fp_trap_init                             - Undefined Weak Reference
    _fp_trap_shutdown                         - Undefined Weak Reference
    _get_lc_collate                           - Undefined Weak Reference
    _get_lc_monetary                          - Undefined Weak Reference
    _get_lc_time                              - Undefined Weak Reference
    _getenv_init                              - Undefined Weak Reference
    _handle_redirection                       - Undefined Weak Reference
    _init_alloc                               - Undefined Weak Reference
    _init_user_alloc                          - Undefined Weak Reference
    _initio                                   - Undefined Weak Reference
    _printf_mbtowc                            - Undefined Weak Reference
    _printf_wc                                - Undefined Weak Reference
    _rand_init                                - Undefined Weak Reference
    _signal_finish                            - Undefined Weak Reference
    _signal_init                              - Undefined Weak Reference
    _terminate_alloc                          - Undefined Weak Reference
    _terminate_user_alloc                     - Undefined Weak Reference
    _terminateio                              - Undefined Weak Reference
    __Vectors_Size                           0x000000ec   Number         0  startup_stm32f103xb.o ABSOLUTE
    __Vectors                                0x08000000   Data           4  startup_stm32f103xb.o(RESET)
    __Vectors_End                            0x080000ec   Data           0  startup_stm32f103xb.o(RESET)
    __main                                   0x080000ed   Thumb Code     8  __main.o(!!!main)
    __scatterload                            0x080000f5   Thumb Code     0  __scatter.o(!!!scatter)
    __scatterload_rt2                        0x080000f5   Thumb Code    84  __scatter.o(!!!scatter)
    __scatterload_rt2_thumb_only             0x080000f5   Thumb Code     0  __scatter.o(!!!scatter)
    __scatterload_loop                       0x080000ff   Thumb Code     0  __scatter.o(!!!scatter)
    __scatterload_copy                       0x08000151   Thumb Code    26  __scatter_copy.o(!!handler_copy)
    __scatterload_null                       0x0800016d   Thumb Code     2  __scatter.o(!!handler_null)
    __scatterload_zeroinit                   0x08000171   Thumb Code    28  __scatter_zi.o(!!handler_zi)
    _printf_n                                0x0800018d   Thumb Code     0  _printf_n.o(.ARM.Collect$$_printf_percent$$00000001)
    _printf_percent                          0x0800018d   Thumb Code     0  _printf_percent.o(.ARM.Collect$$_printf_percent$$00000000)
    _printf_p                                0x08000193   Thumb Code     0  _printf_p.o(.ARM.Collect$$_printf_percent$$00000002)
    _printf_f                                0x08000199   Thumb Code     0  _printf_f.o(.ARM.Collect$$_printf_percent$$00000003)
    _printf_e                                0x0800019f   Thumb Code     0  _printf_e.o(.ARM.Collect$$_printf_percent$$00000004)
    _printf_g                                0x080001a5   Thumb Code     0  _printf_g.o(.ARM.Collect$$_printf_percent$$00000005)
    _printf_a                                0x080001ab   Thumb Code     0  _printf_a.o(.ARM.Collect$$_printf_percent$$00000006)
    _printf_ll                               0x080001b1   Thumb Code     0  _printf_ll.o(.ARM.Collect$$_printf_percent$$00000007)
    _printf_i                                0x080001bb   Thumb Code     0  _printf_i.o(.ARM.Collect$$_printf_percent$$00000008)
    _printf_d                                0x080001c1   Thumb Code     0  _printf_d.o(.ARM.Collect$$_printf_percent$$00000009)
    _printf_u                                0x080001c7   Thumb Code     0  _printf_u.o(.ARM.Collect$$_printf_percent$$0000000A)
    _printf_o                                0x080001cd   Thumb Code     0  _printf_o.o(.ARM.Collect$$_printf_percent$$0000000B)
    _printf_x                                0x080001d3   Thumb Code     0  _printf_x.o(.ARM.Collect$$_printf_percent$$0000000C)
    _printf_lli                              0x080001d9   Thumb Code     0  _printf_lli.o(.ARM.Collect$$_printf_percent$$0000000D)
    _printf_lld                              0x080001df   Thumb Code     0  _printf_lld.o(.ARM.Collect$$_printf_percent$$0000000E)
    _printf_llu                              0x080001e5   Thumb Code     0  _printf_llu.o(.ARM.Collect$$_printf_percent$$0000000F)
    _printf_llo                              0x080001eb   Thumb Code     0  _printf_llo.o(.ARM.Collect$$_printf_percent$$00000010)
    _printf_llx                              0x080001f1   Thumb Code     0  _printf_llx.o(.ARM.Collect$$_printf_percent$$00000011)
    _printf_l                                0x080001f7   Thumb Code     0  _printf_l.o(.ARM.Collect$$_printf_percent$$00000012)
    _printf_c                                0x08000201   Thumb Code     0  _printf_c.o(.ARM.Collect$$_printf_percent$$00000013)
    _printf_s                                0x08000207   Thumb Code     0  _printf_s.o(.ARM.Collect$$_printf_percent$$00000014)
    _printf_lc                               0x0800020d   Thumb Code     0  _printf_lc.o(.ARM.Collect$$_printf_percent$$00000015)
    _printf_ls                               0x08000213   Thumb Code     0  _printf_ls.o(.ARM.Collect$$_printf_percent$$00000016)
    _printf_percent_end                      0x08000219   Thumb Code     0  _printf_percent_end.o(.ARM.Collect$$_printf_percent$$00000017)
    __rt_lib_init                            0x0800021d   Thumb Code     0  libinit.o(.ARM.Collect$$libinit$$00000000)
    __rt_lib_init_fp_1                       0x0800021f   Thumb Code     0  libinit2.o(.ARM.Collect$$libinit$$00000002)
    __rt_lib_init_heap_1                     0x0800021f   Thumb Code     0  libinit2.o(.ARM.Collect$$libinit$$0000000C)
    __rt_lib_init_lc_common                  0x0800021f   Thumb Code     0  libinit2.o(.ARM.Collect$$libinit$$00000011)
    __rt_lib_init_preinit_1                  0x0800021f   Thumb Code     0  libinit2.o(.ARM.Collect$$libinit$$00000006)
    __rt_lib_init_rand_1                     0x0800021f   Thumb Code     0  libinit2.o(.ARM.Collect$$libinit$$00000010)
    __rt_lib_init_relocate_pie_1             0x0800021f   Thumb Code     0  libinit2.o(.ARM.Collect$$libinit$$00000004)
    __rt_lib_init_user_alloc_1               0x0800021f   Thumb Code     0  libinit2.o(.ARM.Collect$$libinit$$0000000E)
    __rt_lib_init_lc_collate_1               0x08000225   Thumb Code     0  libinit2.o(.ARM.Collect$$libinit$$00000013)
    __rt_lib_init_lc_ctype_2                 0x08000225   Thumb Code     0  libinit2.o(.ARM.Collect$$libinit$$00000014)
    __rt_lib_init_lc_ctype_1                 0x08000231   Thumb Code     0  libinit2.o(.ARM.Collect$$libinit$$00000015)
    __rt_lib_init_lc_monetary_1              0x08000231   Thumb Code     0  libinit2.o(.ARM.Collect$$libinit$$00000017)
    __rt_lib_init_lc_numeric_2               0x08000231   Thumb Code     0  libinit2.o(.ARM.Collect$$libinit$$00000018)
    __rt_lib_init_alloca_1                   0x0800023b   Thumb Code     0  libinit2.o(.ARM.Collect$$libinit$$00000030)
    __rt_lib_init_argv_1                     0x0800023b   Thumb Code     0  libinit2.o(.ARM.Collect$$libinit$$0000002E)
    __rt_lib_init_atexit_1                   0x0800023b   Thumb Code     0  libinit2.o(.ARM.Collect$$libinit$$0000001D)
    __rt_lib_init_clock_1                    0x0800023b   Thumb Code     0  libinit2.o(.ARM.Collect$$libinit$$00000023)
    __rt_lib_init_cpp_1                      0x0800023b   Thumb Code     0  libinit2.o(.ARM.Collect$$libinit$$00000034)
    __rt_lib_init_exceptions_1               0x0800023b   Thumb Code     0  libinit2.o(.ARM.Collect$$libinit$$00000032)
    __rt_lib_init_fp_trap_1                  0x0800023b   Thumb Code     0  libinit2.o(.ARM.Collect$$libinit$$00000021)
    __rt_lib_init_getenv_1                   0x0800023b   Thumb Code     0  libinit2.o(.ARM.Collect$$libinit$$00000025)
    __rt_lib_init_lc_numeric_1               0x0800023b   Thumb Code     0  libinit2.o(.ARM.Collect$$libinit$$00000019)
    __rt_lib_init_lc_time_1                  0x0800023b   Thumb Code     0  libinit2.o(.ARM.Collect$$libinit$$0000001B)
    __rt_lib_init_return                     0x0800023b   Thumb Code     0  libinit2.o(.ARM.Collect$$libinit$$00000035)
    __rt_lib_init_signal_1                   0x0800023b   Thumb Code     0  libinit2.o(.ARM.Collect$$libinit$$0000001F)
    __rt_lib_init_stdio_1                    0x0800023b   Thumb Code     0  libinit2.o(.ARM.Collect$$libinit$$00000027)
    __rt_lib_shutdown                        0x0800023d   Thumb Code     0  libshutdown.o(.ARM.Collect$$libshutdown$$00000000)
    __rt_lib_shutdown_cpp_1                  0x0800023f   Thumb Code     0  libshutdown2.o(.ARM.Collect$$libshutdown$$00000002)
    __rt_lib_shutdown_fp_trap_1              0x0800023f   Thumb Code     0  libshutdown2.o(.ARM.Collect$$libshutdown$$00000007)
    __rt_lib_shutdown_heap_1                 0x0800023f   Thumb Code     0  libshutdown2.o(.ARM.Collect$$libshutdown$$0000000F)
    __rt_lib_shutdown_return                 0x0800023f   Thumb Code     0  libshutdown2.o(.ARM.Collect$$libshutdown$$00000010)
    __rt_lib_shutdown_signal_1               0x0800023f   Thumb Code     0  libshutdown2.o(.ARM.Collect$$libshutdown$$0000000A)
    __rt_lib_shutdown_stdio_1                0x0800023f   Thumb Code     0  libshutdown2.o(.ARM.Collect$$libshutdown$$00000004)
    __rt_lib_shutdown_user_alloc_1           0x0800023f   Thumb Code     0  libshutdown2.o(.ARM.Collect$$libshutdown$$0000000C)
    __rt_entry                               0x08000241   Thumb Code     0  __rtentry.o(.ARM.Collect$$rtentry$$00000000)
    __rt_entry_presh_1                       0x08000241   Thumb Code     0  __rtentry2.o(.ARM.Collect$$rtentry$$00000002)
    __rt_entry_sh                            0x08000241   Thumb Code     0  __rtentry4.o(.ARM.Collect$$rtentry$$00000004)
    __rt_entry_li                            0x08000247   Thumb Code     0  __rtentry2.o(.ARM.Collect$$rtentry$$0000000A)
    __rt_entry_postsh_1                      0x08000247   Thumb Code     0  __rtentry2.o(.ARM.Collect$$rtentry$$00000009)
    __rt_entry_main                          0x0800024b   Thumb Code     0  __rtentry2.o(.ARM.Collect$$rtentry$$0000000D)
    __rt_entry_postli_1                      0x0800024b   Thumb Code     0  __rtentry2.o(.ARM.Collect$$rtentry$$0000000C)
    __rt_exit                                0x08000253   Thumb Code     0  rtexit.o(.ARM.Collect$$rtexit$$00000000)
    __rt_exit_ls                             0x08000255   Thumb Code     0  rtexit2.o(.ARM.Collect$$rtexit$$00000003)
    __rt_exit_prels_1                        0x08000255   Thumb Code     0  rtexit2.o(.ARM.Collect$$rtexit$$00000002)
    __rt_exit_exit                           0x08000259   Thumb Code     0  rtexit2.o(.ARM.Collect$$rtexit$$00000004)
    Reset_Handler                            0x08000261   Thumb Code     8  startup_stm32f103xb.o(.text)
    ADC1_2_IRQHandler                        0x0800027b   Thumb Code     0  startup_stm32f103xb.o(.text)
    CAN1_RX1_IRQHandler                      0x0800027b   Thumb Code     0  startup_stm32f103xb.o(.text)
    CAN1_SCE_IRQHandler                      0x0800027b   Thumb Code     0  startup_stm32f103xb.o(.text)
    DMA1_Channel1_IRQHandler                 0x0800027b   Thumb Code     0  startup_stm32f103xb.o(.text)
    DMA1_Channel2_IRQHandler                 0x0800027b   Thumb Code     0  startup_stm32f103xb.o(.text)
    DMA1_Channel3_IRQHandler                 0x0800027b   Thumb Code     0  startup_stm32f103xb.o(.text)
    EXTI0_IRQHandler                         0x0800027b   Thumb Code     0  startup_stm32f103xb.o(.text)
    EXTI15_10_IRQHandler                     0x0800027b   Thumb Code     0  startup_stm32f103xb.o(.text)
    EXTI1_IRQHandler                         0x0800027b   Thumb Code     0  startup_stm32f103xb.o(.text)
    EXTI2_IRQHandler                         0x0800027b   Thumb Code     0  startup_stm32f103xb.o(.text)
    EXTI3_IRQHandler                         0x0800027b   Thumb Code     0  startup_stm32f103xb.o(.text)
    EXTI4_IRQHandler                         0x0800027b   Thumb Code     0  startup_stm32f103xb.o(.text)
    EXTI9_5_IRQHandler                       0x0800027b   Thumb Code     0  startup_stm32f103xb.o(.text)
    FLASH_IRQHandler                         0x0800027b   Thumb Code     0  startup_stm32f103xb.o(.text)
    I2C1_ER_IRQHandler                       0x0800027b   Thumb Code     0  startup_stm32f103xb.o(.text)
    I2C1_EV_IRQHandler                       0x0800027b   Thumb Code     0  startup_stm32f103xb.o(.text)
    I2C2_ER_IRQHandler                       0x0800027b   Thumb Code     0  startup_stm32f103xb.o(.text)
    I2C2_EV_IRQHandler                       0x0800027b   Thumb Code     0  startup_stm32f103xb.o(.text)
    PVD_IRQHandler                           0x0800027b   Thumb Code     0  startup_stm32f103xb.o(.text)
    RCC_IRQHandler                           0x0800027b   Thumb Code     0  startup_stm32f103xb.o(.text)
    RTC_Alarm_IRQHandler                     0x0800027b   Thumb Code     0  startup_stm32f103xb.o(.text)
    RTC_IRQHandler                           0x0800027b   Thumb Code     0  startup_stm32f103xb.o(.text)
    SPI1_IRQHandler                          0x0800027b   Thumb Code     0  startup_stm32f103xb.o(.text)
    SPI2_IRQHandler                          0x0800027b   Thumb Code     0  startup_stm32f103xb.o(.text)
    TAMPER_IRQHandler                        0x0800027b   Thumb Code     0  startup_stm32f103xb.o(.text)
    TIM1_BRK_IRQHandler                      0x0800027b   Thumb Code     0  startup_stm32f103xb.o(.text)
    TIM1_CC_IRQHandler                       0x0800027b   Thumb Code     0  startup_stm32f103xb.o(.text)
    TIM1_TRG_COM_IRQHandler                  0x0800027b   Thumb Code     0  startup_stm32f103xb.o(.text)
    TIM1_UP_IRQHandler                       0x0800027b   Thumb Code     0  startup_stm32f103xb.o(.text)
    TIM2_IRQHandler                          0x0800027b   Thumb Code     0  startup_stm32f103xb.o(.text)
    TIM3_IRQHandler                          0x0800027b   Thumb Code     0  startup_stm32f103xb.o(.text)
    TIM4_IRQHandler                          0x0800027b   Thumb Code     0  startup_stm32f103xb.o(.text)
    USART3_IRQHandler                        0x0800027b   Thumb Code     0  startup_stm32f103xb.o(.text)
    USBWakeUp_IRQHandler                     0x0800027b   Thumb Code     0  startup_stm32f103xb.o(.text)
    USB_HP_CAN1_TX_IRQHandler                0x0800027b   Thumb Code     0  startup_stm32f103xb.o(.text)
    USB_LP_CAN1_RX0_IRQHandler               0x0800027b   Thumb Code     0  startup_stm32f103xb.o(.text)
    WWDG_IRQHandler                          0x0800027b   Thumb Code     0  startup_stm32f103xb.o(.text)
    __user_initial_stackheap                 0x0800027d   Thumb Code     0  startup_stm32f103xb.o(.text)
    vsnprintf                                0x080002a1   Thumb Code    56  vsnprintf.o(.text)
    __2sprintf                               0x080002dd   Thumb Code    38  __2sprintf.o(.text)
    _printf_str                              0x08000309   Thumb Code    82  _printf_str.o(.text)
    _printf_int_dec                          0x0800035d   Thumb Code   104  _printf_dec.o(.text)
    __printf                                 0x080003d5   Thumb Code   388  __printf_flags_ss_wp.o(.text)
    atoi                                     0x0800055d   Thumb Code    26  atoi.o(.text)
    strtok                                   0x08000579   Thumb Code     6  strtok.o(.text)
    strstr                                   0x08000585   Thumb Code    36  strstr.o(.text)
    strlen                                   0x080005a9   Thumb Code    62  strlen.o(.text)
    __aeabi_memclr4                          0x080005e7   Thumb Code     0  rt_memclr_w.o(.text)
    __aeabi_memclr8                          0x080005e7   Thumb Code     0  rt_memclr_w.o(.text)
    __rt_memclr_w                            0x080005e7   Thumb Code     0  rt_memclr_w.o(.text)
    _memset_w                                0x080005eb   Thumb Code    74  rt_memclr_w.o(.text)
    strncpy                                  0x08000635   Thumb Code    86  strncpy.o(.text)
    strcmp                                   0x0800068d   Thumb Code   128  strcmpv7m.o(.text)
    __use_two_region_memory                  0x0800070d   Thumb Code     2  heapauxi.o(.text)
    __rt_heap_escrow$2region                 0x0800070f   Thumb Code     2  heapauxi.o(.text)
    __rt_heap_expand$2region                 0x08000711   Thumb Code     2  heapauxi.o(.text)
    __aeabi_errno_addr                       0x08000715   Thumb Code     8  rt_errno_addr_intlibspace.o(.text)
    __errno$intlibspace                      0x08000715   Thumb Code     0  rt_errno_addr_intlibspace.o(.text)
    __rt_errno_addr$intlibspace              0x08000715   Thumb Code     0  rt_errno_addr_intlibspace.o(.text)
    __read_errno                             0x0800071d   Thumb Code    10  _rserrno.o(.text)
    __set_errno                              0x08000727   Thumb Code    12  _rserrno.o(.text)
    _printf_pre_padding                      0x08000733   Thumb Code    44  _printf_pad.o(.text)
    _printf_post_padding                     0x0800075f   Thumb Code    34  _printf_pad.o(.text)
    _printf_truncate_signed                  0x08000781   Thumb Code    18  _printf_truncate.o(.text)
    _printf_truncate_unsigned                0x08000793   Thumb Code    18  _printf_truncate.o(.text)
    _printf_int_common                       0x080007a5   Thumb Code   178  _printf_intcommon.o(.text)
    _printf_charcount                        0x08000857   Thumb Code    40  _printf_charcount.o(.text)
    _printf_fp_dec_real                      0x08000a2f   Thumb Code   620  _printf_fp_dec.o(.text)
    _printf_char_common                      0x08000ca7   Thumb Code    32  _printf_char_common.o(.text)
    _sputc                                   0x08000ccd   Thumb Code    10  _sputc.o(.text)
    _snputc                                  0x08000cd7   Thumb Code    16  _snputc.o(.text)
    _printf_cs_common                        0x08000ce7   Thumb Code    20  _printf_char.o(.text)
    _printf_char                             0x08000cfb   Thumb Code    16  _printf_char.o(.text)
    _printf_string                           0x08000d0b   Thumb Code     8  _printf_char.o(.text)
    _printf_wctomb                           0x08000d15   Thumb Code   182  _printf_wctomb.o(.text)
    _printf_longlong_dec                     0x08000dd1   Thumb Code   108  _printf_longlong_dec.o(.text)
    _printf_longlong_oct                     0x08000e4d   Thumb Code    68  _printf_oct_int_ll.o(.text)
    _printf_int_oct                          0x08000e91   Thumb Code    24  _printf_oct_int_ll.o(.text)
    _printf_ll_oct                           0x08000ea9   Thumb Code    12  _printf_oct_int_ll.o(.text)
    _printf_longlong_hex                     0x08000ebd   Thumb Code    86  _printf_hex_int_ll_ptr.o(.text)
    _printf_int_hex                          0x08000f13   Thumb Code    28  _printf_hex_int_ll_ptr.o(.text)
    _printf_ll_hex                           0x08000f2f   Thumb Code    12  _printf_hex_int_ll_ptr.o(.text)
    _printf_hex_ptr                          0x08000f3b   Thumb Code    18  _printf_hex_int_ll_ptr.o(.text)
    __strtod_int                             0x08000f95   Thumb Code    94  strtod.o(.text)
    strtol                                   0x08001001   Thumb Code   112  strtol.o(.text)
    __strtok_internal                        0x08001071   Thumb Code    64  strtok_int.o(.text)
    __aeabi_memclr                           0x080010b5   Thumb Code     0  rt_memclr.o(.text)
    __rt_memclr                              0x080010b5   Thumb Code     0  rt_memclr.o(.text)
    _memset                                  0x080010b9   Thumb Code    64  rt_memclr.o(.text)
    __user_libspace                          0x080010f9   Thumb Code     8  libspace.o(.text)
    __user_perproc_libspace                  0x080010f9   Thumb Code     0  libspace.o(.text)
    __user_perthread_libspace                0x080010f9   Thumb Code     0  libspace.o(.text)
    __rt_ctype_table                         0x08001101   Thumb Code    16  rt_ctype_table.o(.text)
    __rt_locale                              0x08001111   Thumb Code     8  rt_locale_intlibspace.o(.text)
    _ll_udiv10                               0x08001119   Thumb Code   138  lludiv10.o(.text)
    isspace                                  0x080011a3   Thumb Code    18  isspace.o(.text)
    _printf_fp_hex_real                      0x080011b5   Thumb Code   756  _printf_fp_hex.o(.text)
    _printf_fp_infnan                        0x080014b1   Thumb Code   112  _printf_fp_infnan.o(.text)
    _printf_lcs_common                       0x08001531   Thumb Code    20  _printf_wchar.o(.text)
    _printf_wchar                            0x08001545   Thumb Code    16  _printf_wchar.o(.text)
    _printf_wstring                          0x08001555   Thumb Code     8  _printf_wchar.o(.text)
    _sgetc                                   0x0800155d   Thumb Code    30  _sgetc.o(.text)
    _sbackspace                              0x0800157b   Thumb Code    34  _sgetc.o(.text)
    _strtoul                                 0x0800159d   Thumb Code   158  _strtoul.o(.text)
    _btod_etento                             0x0800163d   Thumb Code   224  bigflt0.o(.text)
    _c16rtomb                                0x08001721   Thumb Code    72  _c16rtomb.o(.text)
    _wcrtomb                                 0x08001721   Thumb Code     0  _c16rtomb.o(.text)
    strcspn                                  0x08001769   Thumb Code    32  strcspn.o(.text)
    strspn                                   0x08001789   Thumb Code    28  strspn.o(.text)
    __user_setup_stackheap                   0x080017a5   Thumb Code    74  sys_stackheap_outer.o(.text)
    _chval                                   0x080017ef   Thumb Code    28  _chval.o(.text)
    _scanf_really_real                       0x08001a59   Thumb Code   684  scanf_fp.o(.text)
    exit                                     0x08001d05   Thumb Code    18  exit.o(.text)
    __aeabi_llsl                             0x08001d17   Thumb Code     0  llshl.o(.text)
    _ll_shift_l                              0x08001d17   Thumb Code    38  llshl.o(.text)
    _scanf_really_hex_real                   0x08001d3d   Thumb Code   786  scanf_hexfp.o(.text)
    _scanf_really_infnan                     0x0800205d   Thumb Code   292  scanf_infnan.o(.text)
    _sys_exit                                0x08002191   Thumb Code     8  sys_exit.o(.text)
    __I$use$semihosting                      0x0800219d   Thumb Code     0  use_no_semi.o(.text)
    __use_no_semihosting_swi                 0x0800219d   Thumb Code     2  use_no_semi.o(.text)
    __semihosting_library_function           0x0800219f   Thumb Code     0  indicate_semi.o(.text)
    AT_MQTT_Init                             0x080021a1   Thumb Code   892  uart_at.o(.text.AT_MQTT_Init)
    AT_UART_Init                             0x080025ad   Thumb Code    46  uart_at.o(.text.AT_UART_Init)
    AT_UART_Send_String                      0x080025dd   Thumb Code    86  uart_at.o(.text.AT_UART_Send_String)
    BusFault_Handler                         0x08002635   Thumb Code     2  stm32f1xx_it.o(.text.BusFault_Handler)
    DMA1_Channel4_IRQHandler                 0x08002639   Thumb Code    12  stm32f1xx_it.o(.text.DMA1_Channel4_IRQHandler)
    DMA1_Channel5_IRQHandler                 0x08002645   Thumb Code    12  stm32f1xx_it.o(.text.DMA1_Channel5_IRQHandler)
    DMA1_Channel6_IRQHandler                 0x08002651   Thumb Code    12  stm32f1xx_it.o(.text.DMA1_Channel6_IRQHandler)
    DMA1_Channel7_IRQHandler                 0x0800265d   Thumb Code    12  stm32f1xx_it.o(.text.DMA1_Channel7_IRQHandler)
    DebugMon_Handler                         0x08002669   Thumb Code     2  stm32f1xx_it.o(.text.DebugMon_Handler)
    Error_Handler                            0x0800266d   Thumb Code    10  main.o(.text.Error_Handler)
    Get_MQTT_message                         0x08002679   Thumb Code   280  uart_at.o(.text.Get_MQTT_message)
    HAL_DMA_Abort                            0x080027dd   Thumb Code    70  stm32f1xx_hal_dma.o(.text.HAL_DMA_Abort)
    HAL_DMA_Abort_IT                         0x08002825   Thumb Code   182  stm32f1xx_hal_dma.o(.text.HAL_DMA_Abort_IT)
    HAL_DMA_IRQHandler                       0x080028dd   Thumb Code   416  stm32f1xx_hal_dma.o(.text.HAL_DMA_IRQHandler)
    HAL_DMA_Init                             0x08002a7d   Thumb Code   132  stm32f1xx_hal_dma.o(.text.HAL_DMA_Init)
    HAL_DMA_Start_IT                         0x08002b01   Thumb Code   160  stm32f1xx_hal_dma.o(.text.HAL_DMA_Start_IT)
    HAL_Delay                                0x08002ba1   Thumb Code    40  stm32f1xx_hal.o(.text.HAL_Delay)
    HAL_GPIO_Init                            0x08002bc9   Thumb Code   526  stm32f1xx_hal_gpio.o(.text.HAL_GPIO_Init)
    HAL_GetTick                              0x08002dd9   Thumb Code    12  stm32f1xx_hal.o(.text.HAL_GetTick)
    HAL_I2C_Init                             0x08002de5   Thumb Code   356  stm32f1xx_hal_i2c.o(.text.HAL_I2C_Init)
    HAL_I2C_Mem_Write                        0x08002f49   Thumb Code   348  stm32f1xx_hal_i2c.o(.text.HAL_I2C_Mem_Write)
    HAL_I2C_MspInit                          0x080030a5   Thumb Code   106  i2c.o(.text.HAL_I2C_MspInit)
    HAL_IncTick                              0x08003111   Thumb Code    26  stm32f1xx_hal.o(.text.HAL_IncTick)
    HAL_Init                                 0x0800312d   Thumb Code    38  stm32f1xx_hal.o(.text.HAL_Init)
    HAL_InitTick                             0x08003155   Thumb Code    72  stm32f1xx_hal.o(.text.HAL_InitTick)
    HAL_MspInit                              0x0800319d   Thumb Code    66  stm32f1xx_hal_msp.o(.text.HAL_MspInit)
    HAL_NVIC_EnableIRQ                       0x080031e1   Thumb Code    34  stm32f1xx_hal_cortex.o(.text.HAL_NVIC_EnableIRQ)
    HAL_NVIC_SetPriority                     0x08003205   Thumb Code    86  stm32f1xx_hal_cortex.o(.text.HAL_NVIC_SetPriority)
    HAL_NVIC_SetPriorityGrouping             0x0800325d   Thumb Code    32  stm32f1xx_hal_cortex.o(.text.HAL_NVIC_SetPriorityGrouping)
    HAL_RCC_ClockConfig                      0x0800327d   Thumb Code   442  stm32f1xx_hal_rcc.o(.text.HAL_RCC_ClockConfig)
    HAL_RCC_GetPCLK1Freq                     0x08003439   Thumb Code    38  stm32f1xx_hal_rcc.o(.text.HAL_RCC_GetPCLK1Freq)
    HAL_RCC_GetPCLK2Freq                     0x08003461   Thumb Code    38  stm32f1xx_hal_rcc.o(.text.HAL_RCC_GetPCLK2Freq)
    HAL_RCC_OscConfig                        0x08003489   Thumb Code  1024  stm32f1xx_hal_rcc.o(.text.HAL_RCC_OscConfig)
    HAL_SYSTICK_Config                       0x08003889   Thumb Code    44  stm32f1xx_hal_cortex.o(.text.HAL_SYSTICK_Config)
    HAL_TIMEx_MasterConfigSynchronization    0x080038b5   Thumb Code   126  stm32f1xx_hal_tim_ex.o(.text.HAL_TIMEx_MasterConfigSynchronization)
    HAL_TIM_PWM_ConfigChannel                0x08003935   Thumb Code   516  stm32f1xx_hal_tim.o(.text.HAL_TIM_PWM_ConfigChannel)
    HAL_TIM_PWM_Init                         0x08003b39   Thumb Code   236  stm32f1xx_hal_tim.o(.text.HAL_TIM_PWM_Init)
    HAL_TIM_PWM_MspInit                      0x08003c25   Thumb Code    42  tim.o(.text.HAL_TIM_PWM_MspInit)
    HAL_TIM_PWM_Start                        0x08003c51   Thumb Code   218  stm32f1xx_hal_tim.o(.text.HAL_TIM_PWM_Start)
    HAL_TIM_PWM_Stop                         0x08003d2d   Thumb Code   178  stm32f1xx_hal_tim.o(.text.HAL_TIM_PWM_Stop)
    HAL_UARTEx_ReceiveToIdle_DMA             0x08003de1   Thumb Code   484  stm32f1xx_hal_uart.o(.text.HAL_UARTEx_ReceiveToIdle_DMA)
    HAL_UARTEx_RxEventCallback               0x08003fc5   Thumb Code   186  usart.o(.text.HAL_UARTEx_RxEventCallback)
    HAL_UART_ErrorCallback                   0x08004081   Thumb Code     2  stm32f1xx_hal_uart.o(.text.HAL_UART_ErrorCallback)
    HAL_UART_IRQHandler                      0x08004085   Thumb Code  1392  stm32f1xx_hal_uart.o(.text.HAL_UART_IRQHandler)
    HAL_UART_Init                            0x080045f5   Thumb Code   226  stm32f1xx_hal_uart.o(.text.HAL_UART_Init)
    HAL_UART_MspInit                         0x080046d9   Thumb Code   460  usart.o(.text.HAL_UART_MspInit)
    HAL_UART_RxCpltCallback                  0x080048a5   Thumb Code     2  stm32f1xx_hal_uart.o(.text.HAL_UART_RxCpltCallback)
    HAL_UART_RxHalfCpltCallback              0x080048a9   Thumb Code     2  stm32f1xx_hal_uart.o(.text.HAL_UART_RxHalfCpltCallback)
    HAL_UART_Transmit_DMA                    0x080048ad   Thumb Code   194  stm32f1xx_hal_uart.o(.text.HAL_UART_Transmit_DMA)
    HAL_UART_TxCpltCallback                  0x08004971   Thumb Code    28  usart.o(.text.HAL_UART_TxCpltCallback)
    HAL_UART_TxHalfCpltCallback              0x0800498d   Thumb Code     2  stm32f1xx_hal_uart.o(.text.HAL_UART_TxHalfCpltCallback)
    HardFault_Handler                        0x08004991   Thumb Code     2  stm32f1xx_it.o(.text.HardFault_Handler)
    MX_DMA_Init                              0x08004e79   Thumb Code   100  dma.o(.text.MX_DMA_Init)
    MX_GPIO_Init                             0x08004edd   Thumb Code    86  gpio.o(.text.MX_GPIO_Init)
    MX_I2C1_Init                             0x08004f35   Thumb Code    66  i2c.o(.text.MX_I2C1_Init)
    MX_TIM2_Init                             0x08004f79   Thumb Code   202  tim.o(.text.MX_TIM2_Init)
    MX_USART1_UART_Init                      0x08005045   Thumb Code    60  usart.o(.text.MX_USART1_UART_Init)
    MX_USART2_UART_Init                      0x08005081   Thumb Code    60  usart.o(.text.MX_USART2_UART_Init)
    MemManage_Handler                        0x080050bd   Thumb Code     2  stm32f1xx_it.o(.text.MemManage_Handler)
    NMI_Handler                              0x080050c1   Thumb Code     2  stm32f1xx_it.o(.text.NMI_Handler)
    OLED_Clear                               0x080050c5   Thumb Code   172  oled.o(.text.OLED_Clear)
    OLED_Display_On                          0x08005171   Thumb Code   106  oled.o(.text.OLED_Display_On)
    OLED_Init                                0x080051dd   Thumb Code   642  oled.o(.text.OLED_Init)
    OLED_ShowChar                            0x08005461   Thumb Code  1646  oled.o(.text.OLED_ShowChar)
    OLED_ShowString                          0x08005ad1   Thumb Code   172  oled.o(.text.OLED_ShowString)
    PendSV_Handler                           0x08005b7d   Thumb Code     2  stm32f1xx_it.o(.text.PendSV_Handler)
    SVC_Handler                              0x08005b81   Thumb Code     2  stm32f1xx_it.o(.text.SVC_Handler)
    SysTick_Handler                          0x08005b85   Thumb Code     4  stm32f1xx_it.o(.text.SysTick_Handler)
    SystemInit                               0x08005b89   Thumb Code     2  system_stm32f1xx.o(.text.SystemInit)
    USART1_IRQHandler                        0x08006045   Thumb Code    12  stm32f1xx_it.o(.text.USART1_IRQHandler)
    USART2_IRQHandler                        0x08006051   Thumb Code    12  stm32f1xx_it.o(.text.USART2_IRQHandler)
    UsageFault_Handler                       0x0800605d   Thumb Code     2  stm32f1xx_it.o(.text.UsageFault_Handler)
    main                                     0x08006061   Thumb Code   476  main.o(.text.main)
    _btod_d2e                                0x080062a9   Thumb Code    62  btod.o(CL$$btod_d2e)
    _d2e_denorm_low                          0x080062e7   Thumb Code    70  btod.o(CL$$btod_d2e_denorm_low)
    _d2e_norm_op1                            0x0800632d   Thumb Code    96  btod.o(CL$$btod_d2e_norm_op1)
    __btod_div_common                        0x0800638d   Thumb Code   696  btod.o(CL$$btod_div_common)
    _e2d                                     0x080066c5   Thumb Code   122  btod.o(CL$$btod_e2d)
    _e2e                                     0x08006749   Thumb Code   220  btod.o(CL$$btod_e2e)
    _btod_ediv                               0x08006825   Thumb Code    42  btod.o(CL$$btod_ediv)
    _btod_edivd                              0x0800684f   Thumb Code    42  btod.o(CL$$btod_edivd)
    _btod_emul                               0x08006879   Thumb Code    42  btod.o(CL$$btod_emul)
    _btod_emuld                              0x080068a3   Thumb Code    42  btod.o(CL$$btod_emuld)
    __btod_mult_common                       0x080068cd   Thumb Code   580  btod.o(CL$$btod_mult_common)
    __ARM_fpclassify                         0x08006b11   Thumb Code    40  fpclassify.o(i.__ARM_fpclassify)
    __mathlib_dbl_overflow                   0x08006b39   Thumb Code    14  dunder.o(i.__mathlib_dbl_overflow)
    __mathlib_dbl_underflow                  0x08006b49   Thumb Code    10  dunder.o(i.__mathlib_dbl_underflow)
    __mathlib_narrow                         0x08006b59   Thumb Code    16  narrow.o(i.__mathlib_narrow)
    __mathlib_tofloat                        0x08006b69   Thumb Code   184  narrow.o(i.__mathlib_tofloat)
    __support_ldexp                          0x08006c25   Thumb Code    22  ldexp.o(i.__support_ldexp)
    _is_digit                                0x08006c3b   Thumb Code    14  __printf_wp.o(i._is_digit)
    atof                                     0x08006c49   Thumb Code    44  atof.o(i.atof)
    frexp                                    0x08006c75   Thumb Code    80  frexp.o(i.frexp)
    ldexp                                    0x08006ccd   Thumb Code   116  ldexp.o(i.ldexp)
    _get_lc_numeric                          0x08006d41   Thumb Code    44  lc_numeric_c.o(locale$$code)
    _get_lc_ctype                            0x08006d6d   Thumb Code    44  lc_ctype_c.o(locale$$code)
    __aeabi_d2f                              0x08006d99   Thumb Code     0  d2f.o(x$fpl$d2f)
    _d2f                                     0x08006d99   Thumb Code    98  d2f.o(x$fpl$d2f)
    __fpl_dcheck_NaN1                        0x08006dfd   Thumb Code    10  dcheck1.o(x$fpl$dcheck1)
    __fpl_dcmp_Inf                           0x08006e0d   Thumb Code    24  dcmpi.o(x$fpl$dcmpinf)
    __aeabi_cdcmpeq                          0x08006e25   Thumb Code     0  deqf.o(x$fpl$deqf)
    _dcmpeq                                  0x08006e25   Thumb Code   120  deqf.o(x$fpl$deqf)
    __aeabi_d2iz                             0x08006e9d   Thumb Code     0  dfix.o(x$fpl$dfix)
    _dfix                                    0x08006e9d   Thumb Code    94  dfix.o(x$fpl$dfix)
    __aeabi_cdcmple                          0x08006efd   Thumb Code     0  dleqf.o(x$fpl$dleqf)
    _dcmple                                  0x08006efd   Thumb Code   120  dleqf.o(x$fpl$dleqf)
    __fpl_dcmple_InfNaN                      0x08006f5f   Thumb Code     0  dleqf.o(x$fpl$dleqf)
    __fpl_dnaninf                            0x08006f75   Thumb Code   156  dnaninf.o(x$fpl$dnaninf)
    __aeabi_cdrcmple                         0x08007011   Thumb Code     0  drleqf.o(x$fpl$drleqf)
    _drcmple                                 0x08007011   Thumb Code   108  drleqf.o(x$fpl$drleqf)
    __fpl_fretinf                            0x0800707d   Thumb Code    10  fretinf.o(x$fpl$fretinf)
    __ieee_status                            0x08007087   Thumb Code     6  istatus.o(x$fpl$ieeestatus)
    _printf_fp_dec                           0x0800708d   Thumb Code     4  printf1.o(x$fpl$printf1)
    _printf_fp_hex                           0x08007091   Thumb Code     4  printf2.o(x$fpl$printf2)
    __fpl_return_NaN                         0x08007095   Thumb Code   100  retnan.o(x$fpl$retnan)
    __ARM_scalbn                             0x080070f9   Thumb Code    92  scalbn.o(x$fpl$scalbn)
    _scanf_real                              0x08007155   Thumb Code     4  scanf1.o(x$fpl$scanf1)
    _scanf_hex_real                          0x08007159   Thumb Code     4  scanf2.o(x$fpl$scanf2)
    _scanf_infnan                            0x0800715d   Thumb Code     4  scanf2.o(x$fpl$scanf2)
    __fpl_cmpreturn                          0x08007161   Thumb Code    48  trapv.o(x$fpl$trapveneer)
    __I$use$fp                               0x08007190   Number         0  usenofp.o(x$fpl$usenofp)
    AHBPrescTable                            0x08007290   Data          16  system_stm32f1xx.o(.rodata.AHBPrescTable)
    APBPrescTable                            0x080072a0   Data           8  system_stm32f1xx.o(.rodata.APBPrescTable)
    F6x8                                     0x080072a8   Data         552  oledfont.o(.rodata.F6x8)
    F8X16                                    0x080074d0   Data        1504  oledfont.o(.rodata.F8X16)
    Region$$Table$$Base                      0x08007b48   Number         0  anon$$obj.o(Region$$Table)
    Region$$Table$$Limit                     0x08007b68   Number         0  anon$$obj.o(Region$$Table)
    __aeabi_HUGE_VAL                         0x08007b68   Data           0  fpconst.o(c$$dinf)
    __aeabi_HUGE_VALL                        0x08007b68   Data           0  fpconst.o(c$$dinf)
    __aeabi_INFINITY                         0x08007b68   Data           0  fpconst.o(c$$dinf)
    __dInf                                   0x08007b68   Data           0  fpconst.o(c$$dinf)
    __huge_val                               0x08007b68   Data           0  fpconst.o(c$$dinf)
    __dbl_max                                0x08007b70   Data           0  fpconst.o(c$$dmax)
    __ctype                                  0x08007ba1   Data           0  lc_ctype_c.o(locale$$data)
    uwTickFreq                               0x20000004   Data           1  stm32f1xx_hal.o(.data..L_MergedGlobals)
    uwTickPrio                               0x20000008   Data           4  stm32f1xx_hal.o(.data..L_MergedGlobals)
    AT_TX_FLAG                               0x2000000c   Data           1  uart_at.o(.data.AT_TX_FLAG)
    CMD_Data                                 0x2000000d   Data          23  oled.o(.data.CMD_Data)
    SystemCoreClock                          0x20000024   Data           4  system_stm32f1xx.o(.data.SystemCoreClock)
    mqtt_pub_data                            0x20000028   Data         160  uart_at.o(.data.mqtt_pub_data)
    __libspace_start                         0x200000c8   Data          96  libspace.o(.bss)
    AT_RX_FLAG                               0x20000128   Data           1  uart_at.o(.bss..L_MergedGlobals)
    __temporary_stack_top$libspace           0x20000128   Data           0  libspace.o(.bss)
    MQTT_LINK_FLAG                           0x20000129   Data           1  uart_at.o(.bss..L_MergedGlobals)
    Fire_FLAG                                0x2000012a   Data           1  main.o(.bss..L_MergedGlobals)
    Smoke_FLAG                               0x2000012b   Data           1  main.o(.bss..L_MergedGlobals)
    AT_RX_BUFF                               0x2000012c   Data        1024  uart_at.o(.bss.AT_RX_BUFF)
    hdma_usart1_rx                           0x2000092c   Data          68  usart.o(.bss.hdma_usart1_rx)
    hdma_usart1_tx                           0x20000970   Data          68  usart.o(.bss.hdma_usart1_tx)
    hdma_usart2_rx                           0x200009b4   Data          68  usart.o(.bss.hdma_usart2_rx)
    hdma_usart2_tx                           0x200009f8   Data          68  usart.o(.bss.hdma_usart2_tx)
    hi2c1                                    0x20000a3c   Data          84  i2c.o(.bss.hi2c1)
    htim2                                    0x20000a90   Data          72  tim.o(.bss.htim2)
    huart1                                   0x20000ad8   Data          72  usart.o(.bss.huart1)
    huart2                                   0x20000b20   Data          72  usart.o(.bss.huart2)
    receiveBuffer                            0x20000b68   Data        1024  usart.o(.bss.receiveBuffer)
    uwTick                                   0x20000f68   Data           4  stm32f1xx_hal.o(.bss.uwTick)



==============================================================================

Memory Map of the image

  Image Entry point : 0x080000ed

  Load Region LR_IROM1 (Base: 0x08000000, Size: 0x00007d70, Max: 0x00010000, ABSOLUTE)

    Execution Region ER_IROM1 (Exec base: 0x08000000, Load base: 0x08000000, Size: 0x00007ca4, Max: 0x00010000, ABSOLUTE)

    Exec Addr    Load Addr    Size         Type   Attr      Idx    E Section Name        Object

    0x08000000   0x08000000   0x000000ec   Data   RO            3    RESET               startup_stm32f103xb.o
    0x080000ec   0x080000ec   0x00000008   Code   RO         1225  * !!!main             c_w.l(__main.o)
    0x080000f4   0x080000f4   0x0000005c   Code   RO         1688    !!!scatter          c_w.l(__scatter.o)
    0x08000150   0x08000150   0x0000001a   Code   RO         1692    !!handler_copy      c_w.l(__scatter_copy.o)
    0x0800016a   0x0800016a   0x00000002   PAD
    0x0800016c   0x0800016c   0x00000002   Code   RO         1689    !!handler_null      c_w.l(__scatter.o)
    0x0800016e   0x0800016e   0x00000002   PAD
    0x08000170   0x08000170   0x0000001c   Code   RO         1694    !!handler_zi        c_w.l(__scatter_zi.o)
    0x0800018c   0x0800018c   0x00000000   Code   RO         1207    .ARM.Collect$$_printf_percent$$00000000  c_w.l(_printf_percent.o)
    0x0800018c   0x0800018c   0x00000006   Code   RO         1318    .ARM.Collect$$_printf_percent$$00000001  c_w.l(_printf_n.o)
    0x08000192   0x08000192   0x00000006   Code   RO         1320    .ARM.Collect$$_printf_percent$$00000002  c_w.l(_printf_p.o)
    0x08000198   0x08000198   0x00000006   Code   RO         1206    .ARM.Collect$$_printf_percent$$00000003  c_w.l(_printf_f.o)
    0x0800019e   0x0800019e   0x00000006   Code   RO         1324    .ARM.Collect$$_printf_percent$$00000004  c_w.l(_printf_e.o)
    0x080001a4   0x080001a4   0x00000006   Code   RO         1325    .ARM.Collect$$_printf_percent$$00000005  c_w.l(_printf_g.o)
    0x080001aa   0x080001aa   0x00000006   Code   RO         1326    .ARM.Collect$$_printf_percent$$00000006  c_w.l(_printf_a.o)
    0x080001b0   0x080001b0   0x0000000a   Code   RO         1331    .ARM.Collect$$_printf_percent$$00000007  c_w.l(_printf_ll.o)
    0x080001ba   0x080001ba   0x00000006   Code   RO         1322    .ARM.Collect$$_printf_percent$$00000008  c_w.l(_printf_i.o)
    0x080001c0   0x080001c0   0x00000006   Code   RO         1205    .ARM.Collect$$_printf_percent$$00000009  c_w.l(_printf_d.o)
    0x080001c6   0x080001c6   0x00000006   Code   RO         1323    .ARM.Collect$$_printf_percent$$0000000A  c_w.l(_printf_u.o)
    0x080001cc   0x080001cc   0x00000006   Code   RO         1321    .ARM.Collect$$_printf_percent$$0000000B  c_w.l(_printf_o.o)
    0x080001d2   0x080001d2   0x00000006   Code   RO         1319    .ARM.Collect$$_printf_percent$$0000000C  c_w.l(_printf_x.o)
    0x080001d8   0x080001d8   0x00000006   Code   RO         1328    .ARM.Collect$$_printf_percent$$0000000D  c_w.l(_printf_lli.o)
    0x080001de   0x080001de   0x00000006   Code   RO         1329    .ARM.Collect$$_printf_percent$$0000000E  c_w.l(_printf_lld.o)
    0x080001e4   0x080001e4   0x00000006   Code   RO         1330    .ARM.Collect$$_printf_percent$$0000000F  c_w.l(_printf_llu.o)
    0x080001ea   0x080001ea   0x00000006   Code   RO         1335    .ARM.Collect$$_printf_percent$$00000010  c_w.l(_printf_llo.o)
    0x080001f0   0x080001f0   0x00000006   Code   RO         1336    .ARM.Collect$$_printf_percent$$00000011  c_w.l(_printf_llx.o)
    0x080001f6   0x080001f6   0x0000000a   Code   RO         1332    .ARM.Collect$$_printf_percent$$00000012  c_w.l(_printf_l.o)
    0x08000200   0x08000200   0x00000006   Code   RO         1317    .ARM.Collect$$_printf_percent$$00000013  c_w.l(_printf_c.o)
    0x08000206   0x08000206   0x00000006   Code   RO         1204    .ARM.Collect$$_printf_percent$$00000014  c_w.l(_printf_s.o)
    0x0800020c   0x0800020c   0x00000006   Code   RO         1333    .ARM.Collect$$_printf_percent$$00000015  c_w.l(_printf_lc.o)
    0x08000212   0x08000212   0x00000006   Code   RO         1334    .ARM.Collect$$_printf_percent$$00000016  c_w.l(_printf_ls.o)
    0x08000218   0x08000218   0x00000004   Code   RO         1327    .ARM.Collect$$_printf_percent$$00000017  c_w.l(_printf_percent_end.o)
    0x0800021c   0x0800021c   0x00000002   Code   RO         1470    .ARM.Collect$$libinit$$00000000  c_w.l(libinit.o)
    0x0800021e   0x0800021e   0x00000000   Code   RO         1472    .ARM.Collect$$libinit$$00000002  c_w.l(libinit2.o)
    0x0800021e   0x0800021e   0x00000000   Code   RO         1474    .ARM.Collect$$libinit$$00000004  c_w.l(libinit2.o)
    0x0800021e   0x0800021e   0x00000000   Code   RO         1476    .ARM.Collect$$libinit$$00000006  c_w.l(libinit2.o)
    0x0800021e   0x0800021e   0x00000000   Code   RO         1479    .ARM.Collect$$libinit$$0000000C  c_w.l(libinit2.o)
    0x0800021e   0x0800021e   0x00000000   Code   RO         1481    .ARM.Collect$$libinit$$0000000E  c_w.l(libinit2.o)
    0x0800021e   0x0800021e   0x00000000   Code   RO         1483    .ARM.Collect$$libinit$$00000010  c_w.l(libinit2.o)
    0x0800021e   0x0800021e   0x00000006   Code   RO         1484    .ARM.Collect$$libinit$$00000011  c_w.l(libinit2.o)
    0x08000224   0x08000224   0x00000000   Code   RO         1486    .ARM.Collect$$libinit$$00000013  c_w.l(libinit2.o)
    0x08000224   0x08000224   0x0000000c   Code   RO         1487    .ARM.Collect$$libinit$$00000014  c_w.l(libinit2.o)
    0x08000230   0x08000230   0x00000000   Code   RO         1488    .ARM.Collect$$libinit$$00000015  c_w.l(libinit2.o)
    0x08000230   0x08000230   0x00000000   Code   RO         1490    .ARM.Collect$$libinit$$00000017  c_w.l(libinit2.o)
    0x08000230   0x08000230   0x0000000a   Code   RO         1491    .ARM.Collect$$libinit$$00000018  c_w.l(libinit2.o)
    0x0800023a   0x0800023a   0x00000000   Code   RO         1492    .ARM.Collect$$libinit$$00000019  c_w.l(libinit2.o)
    0x0800023a   0x0800023a   0x00000000   Code   RO         1494    .ARM.Collect$$libinit$$0000001B  c_w.l(libinit2.o)
    0x0800023a   0x0800023a   0x00000000   Code   RO         1496    .ARM.Collect$$libinit$$0000001D  c_w.l(libinit2.o)
    0x0800023a   0x0800023a   0x00000000   Code   RO         1498    .ARM.Collect$$libinit$$0000001F  c_w.l(libinit2.o)
    0x0800023a   0x0800023a   0x00000000   Code   RO         1500    .ARM.Collect$$libinit$$00000021  c_w.l(libinit2.o)
    0x0800023a   0x0800023a   0x00000000   Code   RO         1502    .ARM.Collect$$libinit$$00000023  c_w.l(libinit2.o)
    0x0800023a   0x0800023a   0x00000000   Code   RO         1504    .ARM.Collect$$libinit$$00000025  c_w.l(libinit2.o)
    0x0800023a   0x0800023a   0x00000000   Code   RO         1506    .ARM.Collect$$libinit$$00000027  c_w.l(libinit2.o)
    0x0800023a   0x0800023a   0x00000000   Code   RO         1510    .ARM.Collect$$libinit$$0000002E  c_w.l(libinit2.o)
    0x0800023a   0x0800023a   0x00000000   Code   RO         1512    .ARM.Collect$$libinit$$00000030  c_w.l(libinit2.o)
    0x0800023a   0x0800023a   0x00000000   Code   RO         1514    .ARM.Collect$$libinit$$00000032  c_w.l(libinit2.o)
    0x0800023a   0x0800023a   0x00000000   Code   RO         1516    .ARM.Collect$$libinit$$00000034  c_w.l(libinit2.o)
    0x0800023a   0x0800023a   0x00000002   Code   RO         1517    .ARM.Collect$$libinit$$00000035  c_w.l(libinit2.o)
    0x0800023c   0x0800023c   0x00000002   Code   RO         1588    .ARM.Collect$$libshutdown$$00000000  c_w.l(libshutdown.o)
    0x0800023e   0x0800023e   0x00000000   Code   RO         1611    .ARM.Collect$$libshutdown$$00000002  c_w.l(libshutdown2.o)
    0x0800023e   0x0800023e   0x00000000   Code   RO         1613    .ARM.Collect$$libshutdown$$00000004  c_w.l(libshutdown2.o)
    0x0800023e   0x0800023e   0x00000000   Code   RO         1616    .ARM.Collect$$libshutdown$$00000007  c_w.l(libshutdown2.o)
    0x0800023e   0x0800023e   0x00000000   Code   RO         1619    .ARM.Collect$$libshutdown$$0000000A  c_w.l(libshutdown2.o)
    0x0800023e   0x0800023e   0x00000000   Code   RO         1621    .ARM.Collect$$libshutdown$$0000000C  c_w.l(libshutdown2.o)
    0x0800023e   0x0800023e   0x00000000   Code   RO         1624    .ARM.Collect$$libshutdown$$0000000F  c_w.l(libshutdown2.o)
    0x0800023e   0x0800023e   0x00000002   Code   RO         1625    .ARM.Collect$$libshutdown$$00000010  c_w.l(libshutdown2.o)
    0x08000240   0x08000240   0x00000000   Code   RO         1257    .ARM.Collect$$rtentry$$00000000  c_w.l(__rtentry.o)
    0x08000240   0x08000240   0x00000000   Code   RO         1368    .ARM.Collect$$rtentry$$00000002  c_w.l(__rtentry2.o)
    0x08000240   0x08000240   0x00000006   Code   RO         1380    .ARM.Collect$$rtentry$$00000004  c_w.l(__rtentry4.o)
    0x08000246   0x08000246   0x00000000   Code   RO         1370    .ARM.Collect$$rtentry$$00000009  c_w.l(__rtentry2.o)
    0x08000246   0x08000246   0x00000004   Code   RO         1371    .ARM.Collect$$rtentry$$0000000A  c_w.l(__rtentry2.o)
    0x0800024a   0x0800024a   0x00000000   Code   RO         1373    .ARM.Collect$$rtentry$$0000000C  c_w.l(__rtentry2.o)
    0x0800024a   0x0800024a   0x00000008   Code   RO         1374    .ARM.Collect$$rtentry$$0000000D  c_w.l(__rtentry2.o)
    0x08000252   0x08000252   0x00000002   Code   RO         1518    .ARM.Collect$$rtexit$$00000000  c_w.l(rtexit.o)
    0x08000254   0x08000254   0x00000000   Code   RO         1548    .ARM.Collect$$rtexit$$00000002  c_w.l(rtexit2.o)
    0x08000254   0x08000254   0x00000004   Code   RO         1549    .ARM.Collect$$rtexit$$00000003  c_w.l(rtexit2.o)
    0x08000258   0x08000258   0x00000006   Code   RO         1550    .ARM.Collect$$rtexit$$00000004  c_w.l(rtexit2.o)
    0x0800025e   0x0800025e   0x00000002   PAD
    0x08000260   0x08000260   0x00000040   Code   RO            4    .text               startup_stm32f103xb.o
    0x080002a0   0x080002a0   0x0000003c   Code   RO         1172    .text               c_w.l(vsnprintf.o)
    0x080002dc   0x080002dc   0x0000002c   Code   RO         1174    .text               c_w.l(__2sprintf.o)
    0x08000308   0x08000308   0x00000052   Code   RO         1180    .text               c_w.l(_printf_str.o)
    0x0800035a   0x0800035a   0x00000002   PAD
    0x0800035c   0x0800035c   0x00000078   Code   RO         1182    .text               c_w.l(_printf_dec.o)
    0x080003d4   0x080003d4   0x00000188   Code   RO         1201    .text               c_w.l(__printf_flags_ss_wp.o)
    0x0800055c   0x0800055c   0x0000001a   Code   RO         1208    .text               c_w.l(atoi.o)
    0x08000576   0x08000576   0x00000002   PAD
    0x08000578   0x08000578   0x0000000c   Code   RO         1210    .text               c_w.l(strtok.o)
    0x08000584   0x08000584   0x00000024   Code   RO         1213    .text               c_w.l(strstr.o)
    0x080005a8   0x080005a8   0x0000003e   Code   RO         1215    .text               c_w.l(strlen.o)
    0x080005e6   0x080005e6   0x0000004e   Code   RO         1217    .text               c_w.l(rt_memclr_w.o)
    0x08000634   0x08000634   0x00000056   Code   RO         1219    .text               c_w.l(strncpy.o)
    0x0800068a   0x0800068a   0x00000002   PAD
    0x0800068c   0x0800068c   0x00000080   Code   RO         1221    .text               c_w.l(strcmpv7m.o)
    0x0800070c   0x0800070c   0x00000006   Code   RO         1223    .text               c_w.l(heapauxi.o)
    0x08000712   0x08000712   0x00000002   PAD
    0x08000714   0x08000714   0x00000008   Code   RO         1261    .text               c_w.l(rt_errno_addr_intlibspace.o)
    0x0800071c   0x0800071c   0x00000016   Code   RO         1263    .text               c_w.l(_rserrno.o)
    0x08000732   0x08000732   0x0000004e   Code   RO         1265    .text               c_w.l(_printf_pad.o)
    0x08000780   0x08000780   0x00000024   Code   RO         1267    .text               c_w.l(_printf_truncate.o)
    0x080007a4   0x080007a4   0x000000b2   Code   RO         1269    .text               c_w.l(_printf_intcommon.o)
    0x08000856   0x08000856   0x00000028   Code   RO         1271    .text               c_w.l(_printf_charcount.o)
    0x0800087e   0x0800087e   0x0000041c   Code   RO         1273    .text               c_w.l(_printf_fp_dec.o)
    0x08000c9a   0x08000c9a   0x00000002   PAD
    0x08000c9c   0x08000c9c   0x00000030   Code   RO         1277    .text               c_w.l(_printf_char_common.o)
    0x08000ccc   0x08000ccc   0x0000000a   Code   RO         1279    .text               c_w.l(_sputc.o)
    0x08000cd6   0x08000cd6   0x00000010   Code   RO         1281    .text               c_w.l(_snputc.o)
    0x08000ce6   0x08000ce6   0x0000002c   Code   RO         1283    .text               c_w.l(_printf_char.o)
    0x08000d12   0x08000d12   0x00000002   PAD
    0x08000d14   0x08000d14   0x000000bc   Code   RO         1285    .text               c_w.l(_printf_wctomb.o)
    0x08000dd0   0x08000dd0   0x0000007c   Code   RO         1288    .text               c_w.l(_printf_longlong_dec.o)
    0x08000e4c   0x08000e4c   0x00000070   Code   RO         1294    .text               c_w.l(_printf_oct_int_ll.o)
    0x08000ebc   0x08000ebc   0x00000094   Code   RO         1314    .text               c_w.l(_printf_hex_int_ll_ptr.o)
    0x08000f50   0x08000f50   0x000000b0   Code   RO         1337    .text               c_w.l(strtod.o)
    0x08001000   0x08001000   0x00000070   Code   RO         1339    .text               c_w.l(strtol.o)
    0x08001070   0x08001070   0x00000044   Code   RO         1341    .text               c_w.l(strtok_int.o)
    0x080010b4   0x080010b4   0x00000044   Code   RO         1343    .text               c_w.l(rt_memclr.o)
    0x080010f8   0x080010f8   0x00000008   Code   RO         1364    .text               c_w.l(libspace.o)
    0x08001100   0x08001100   0x00000010   Code   RO         1382    .text               c_w.l(rt_ctype_table.o)
    0x08001110   0x08001110   0x00000008   Code   RO         1387    .text               c_w.l(rt_locale_intlibspace.o)
    0x08001118   0x08001118   0x0000008a   Code   RO         1389    .text               c_w.l(lludiv10.o)
    0x080011a2   0x080011a2   0x00000012   Code   RO         1391    .text               c_w.l(isspace.o)
    0x080011b4   0x080011b4   0x000002fc   Code   RO         1393    .text               c_w.l(_printf_fp_hex.o)
    0x080014b0   0x080014b0   0x00000080   Code   RO         1396    .text               c_w.l(_printf_fp_infnan.o)
    0x08001530   0x08001530   0x0000002c   Code   RO         1400    .text               c_w.l(_printf_wchar.o)
    0x0800155c   0x0800155c   0x00000040   Code   RO         1402    .text               c_w.l(_sgetc.o)
    0x0800159c   0x0800159c   0x0000009e   Code   RO         1404    .text               c_w.l(_strtoul.o)
    0x0800163a   0x0800163a   0x00000002   PAD
    0x0800163c   0x0800163c   0x000000e4   Code   RO         1406    .text               c_w.l(bigflt0.o)
    0x08001720   0x08001720   0x00000048   Code   RO         1433    .text               c_w.l(_c16rtomb.o)
    0x08001768   0x08001768   0x00000020   Code   RO         1438    .text               c_w.l(strcspn.o)
    0x08001788   0x08001788   0x0000001c   Code   RO         1440    .text               c_w.l(strspn.o)
    0x080017a4   0x080017a4   0x0000004a   Code   RO         1450    .text               c_w.l(sys_stackheap_outer.o)
    0x080017ee   0x080017ee   0x0000001c   Code   RO         1452    .text               c_w.l(_chval.o)
    0x0800180a   0x0800180a   0x00000002   PAD
    0x0800180c   0x0800180c   0x000004f8   Code   RO         1454    .text               c_w.l(scanf_fp.o)
    0x08001d04   0x08001d04   0x00000012   Code   RO         1463    .text               c_w.l(exit.o)
    0x08001d16   0x08001d16   0x00000026   Code   RO         1520    .text               c_w.l(llshl.o)
    0x08001d3c   0x08001d3c   0x00000320   Code   RO         1554    .text               c_w.l(scanf_hexfp.o)
    0x0800205c   0x0800205c   0x00000134   Code   RO         1556    .text               c_w.l(scanf_infnan.o)
    0x08002190   0x08002190   0x0000000c   Code   RO         1574    .text               c_w.l(sys_exit.o)
    0x0800219c   0x0800219c   0x00000002   Code   RO         1601    .text               c_w.l(use_no_semi.o)
    0x0800219e   0x0800219e   0x00000000   Code   RO         1603    .text               c_w.l(indicate_semi.o)
    0x0800219e   0x0800219e   0x00000002   PAD
    0x080021a0   0x080021a0   0x0000040c   Code   RO           66    .text.AT_MQTT_Init  uart_at.o
    0x080025ac   0x080025ac   0x0000002e   Code   RO           60    .text.AT_UART_Init  uart_at.o
    0x080025da   0x080025da   0x00000002   PAD
    0x080025dc   0x080025dc   0x00000056   Code   RO           62    .text.AT_UART_Send_String  uart_at.o
    0x08002632   0x08002632   0x00000002   PAD
    0x08002634   0x08002634   0x00000002   Code   RO          192    .text.BusFault_Handler  stm32f1xx_it.o
    0x08002636   0x08002636   0x00000002   PAD
    0x08002638   0x08002638   0x0000000c   Code   RO          204    .text.DMA1_Channel4_IRQHandler  stm32f1xx_it.o
    0x08002644   0x08002644   0x0000000c   Code   RO          206    .text.DMA1_Channel5_IRQHandler  stm32f1xx_it.o
    0x08002650   0x08002650   0x0000000c   Code   RO          208    .text.DMA1_Channel6_IRQHandler  stm32f1xx_it.o
    0x0800265c   0x0800265c   0x0000000c   Code   RO          210    .text.DMA1_Channel7_IRQHandler  stm32f1xx_it.o
    0x08002668   0x08002668   0x00000002   Code   RO          198    .text.DebugMon_Handler  stm32f1xx_it.o
    0x0800266a   0x0800266a   0x00000002   PAD
    0x0800266c   0x0800266c   0x0000000a   Code   RO           97    .text.Error_Handler  main.o
    0x08002676   0x08002676   0x00000002   PAD
    0x08002678   0x08002678   0x00000164   Code   RO           68    .text.Get_MQTT_message  uart_at.o
    0x080027dc   0x080027dc   0x00000046   Code   RO          528    .text.HAL_DMA_Abort  stm32f1xx_hal_dma.o
    0x08002822   0x08002822   0x00000002   PAD
    0x08002824   0x08002824   0x000000b6   Code   RO          530    .text.HAL_DMA_Abort_IT  stm32f1xx_hal_dma.o
    0x080028da   0x080028da   0x00000002   PAD
    0x080028dc   0x080028dc   0x000001a0   Code   RO          534    .text.HAL_DMA_IRQHandler  stm32f1xx_hal_dma.o
    0x08002a7c   0x08002a7c   0x00000084   Code   RO          520    .text.HAL_DMA_Init  stm32f1xx_hal_dma.o
    0x08002b00   0x08002b00   0x000000a0   Code   RO          526    .text.HAL_DMA_Start_IT  stm32f1xx_hal_dma.o
    0x08002ba0   0x08002ba0   0x00000028   Code   RO          404    .text.HAL_Delay     stm32f1xx_hal.o
    0x08002bc8   0x08002bc8   0x0000020e   Code   RO          496    .text.HAL_GPIO_Init  stm32f1xx_hal_gpio.o
    0x08002dd6   0x08002dd6   0x00000002   PAD
    0x08002dd8   0x08002dd8   0x0000000c   Code   RO          396    .text.HAL_GetTick   stm32f1xx_hal.o
    0x08002de4   0x08002de4   0x00000164   Code   RO          246    .text.HAL_I2C_Init  stm32f1xx_hal_i2c.o
    0x08002f48   0x08002f48   0x0000015c   Code   RO          290    .text.HAL_I2C_Mem_Write  stm32f1xx_hal_i2c.o
    0x080030a4   0x080030a4   0x0000006a   Code   RO          129    .text.HAL_I2C_MspInit  i2c.o
    0x0800310e   0x0800310e   0x00000002   PAD
    0x08003110   0x08003110   0x0000001a   Code   RO          394    .text.HAL_IncTick   stm32f1xx_hal.o
    0x0800312a   0x0800312a   0x00000002   PAD
    0x0800312c   0x0800312c   0x00000026   Code   RO          384    .text.HAL_Init      stm32f1xx_hal.o
    0x08003152   0x08003152   0x00000002   PAD
    0x08003154   0x08003154   0x00000048   Code   RO          386    .text.HAL_InitTick  stm32f1xx_hal.o
    0x0800319c   0x0800319c   0x00000042   Code   RO          223    .text.HAL_MspInit   stm32f1xx_hal_msp.o
    0x080031de   0x080031de   0x00000002   PAD
    0x080031e0   0x080031e0   0x00000022   Code   RO          556    .text.HAL_NVIC_EnableIRQ  stm32f1xx_hal_cortex.o
    0x08003202   0x08003202   0x00000002   PAD
    0x08003204   0x08003204   0x00000056   Code   RO          554    .text.HAL_NVIC_SetPriority  stm32f1xx_hal_cortex.o
    0x0800325a   0x0800325a   0x00000002   PAD
    0x0800325c   0x0800325c   0x00000020   Code   RO          552    .text.HAL_NVIC_SetPriorityGrouping  stm32f1xx_hal_cortex.o
    0x0800327c   0x0800327c   0x000001ba   Code   RO          448    .text.HAL_RCC_ClockConfig  stm32f1xx_hal_rcc.o
    0x08003436   0x08003436   0x00000002   PAD
    0x08003438   0x08003438   0x00000026   Code   RO          460    .text.HAL_RCC_GetPCLK1Freq  stm32f1xx_hal_rcc.o
    0x0800345e   0x0800345e   0x00000002   PAD
    0x08003460   0x08003460   0x00000026   Code   RO          462    .text.HAL_RCC_GetPCLK2Freq  stm32f1xx_hal_rcc.o
    0x08003486   0x08003486   0x00000002   PAD
    0x08003488   0x08003488   0x00000400   Code   RO          446    .text.HAL_RCC_OscConfig  stm32f1xx_hal_rcc.o
    0x08003888   0x08003888   0x0000002c   Code   RO          564    .text.HAL_SYSTICK_Config  stm32f1xx_hal_cortex.o
    0x080038b4   0x080038b4   0x0000007e   Code   RO         1012    .text.HAL_TIMEx_MasterConfigSynchronization  stm32f1xx_hal_tim_ex.o
    0x08003932   0x08003932   0x00000002   PAD
    0x08003934   0x08003934   0x00000204   Code   RO          871    .text.HAL_TIM_PWM_ConfigChannel  stm32f1xx_hal_tim.o
    0x08003b38   0x08003b38   0x000000ec   Code   RO          771    .text.HAL_TIM_PWM_Init  stm32f1xx_hal_tim.o
    0x08003c24   0x08003c24   0x0000002a   Code   RO          146    .text.HAL_TIM_PWM_MspInit  tim.o
    0x08003c4e   0x08003c4e   0x00000002   PAD
    0x08003c50   0x08003c50   0x000000da   Code   RO          779    .text.HAL_TIM_PWM_Start  stm32f1xx_hal_tim.o
    0x08003d2a   0x08003d2a   0x00000002   PAD
    0x08003d2c   0x08003d2c   0x000000b2   Code   RO          781    .text.HAL_TIM_PWM_Stop  stm32f1xx_hal_tim.o
    0x08003dde   0x08003dde   0x00000002   PAD
    0x08003de0   0x08003de0   0x000001e4   Code   RO         1082    .text.HAL_UARTEx_ReceiveToIdle_DMA  stm32f1xx_hal_uart.o
    0x08003fc4   0x08003fc4   0x000000ba   Code   RO          167    .text.HAL_UARTEx_RxEventCallback  usart.o
    0x0800407e   0x0800407e   0x00000002   PAD
    0x08004080   0x08004080   0x00000002   Code   RO         1118    .text.HAL_UART_ErrorCallback  stm32f1xx_hal_uart.o
    0x08004082   0x08004082   0x00000002   PAD
    0x08004084   0x08004084   0x00000570   Code   RO         1112    .text.HAL_UART_IRQHandler  stm32f1xx_hal_uart.o
    0x080045f4   0x080045f4   0x000000e2   Code   RO         1036    .text.HAL_UART_Init  stm32f1xx_hal_uart.o
    0x080046d6   0x080046d6   0x00000002   PAD
    0x080046d8   0x080046d8   0x000001cc   Code   RO          163    .text.HAL_UART_MspInit  usart.o
    0x080048a4   0x080048a4   0x00000002   Code   RO         1126    .text.HAL_UART_RxCpltCallback  stm32f1xx_hal_uart.o
    0x080048a6   0x080048a6   0x00000002   PAD
    0x080048a8   0x080048a8   0x00000002   Code   RO         1128    .text.HAL_UART_RxHalfCpltCallback  stm32f1xx_hal_uart.o
    0x080048aa   0x080048aa   0x00000002   PAD
    0x080048ac   0x080048ac   0x000000c2   Code   RO         1060    .text.HAL_UART_Transmit_DMA  stm32f1xx_hal_uart.o
    0x0800496e   0x0800496e   0x00000002   PAD
    0x08004970   0x08004970   0x0000001c   Code   RO          169    .text.HAL_UART_TxCpltCallback  usart.o
    0x0800498c   0x0800498c   0x00000002   Code   RO         1124    .text.HAL_UART_TxHalfCpltCallback  stm32f1xx_hal_uart.o
    0x0800498e   0x0800498e   0x00000002   PAD
    0x08004990   0x08004990   0x00000002   Code   RO          188    .text.HardFault_Handler  stm32f1xx_it.o
    0x08004992   0x08004992   0x00000002   PAD
    0x08004994   0x08004994   0x000000c8   Code   RO          292    .text.I2C_RequestMemoryWrite  stm32f1xx_hal_i2c.o
    0x08004a5c   0x08004a5c   0x000000ba   Code   RO          260    .text.I2C_WaitOnBTFFlagUntilTimeout  stm32f1xx_hal_i2c.o
    0x08004b16   0x08004b16   0x00000002   PAD
    0x08004b18   0x08004b18   0x000001ca   Code   RO          256    .text.I2C_WaitOnFlagUntilTimeout  stm32f1xx_hal_i2c.o
    0x08004ce2   0x08004ce2   0x00000002   PAD
    0x08004ce4   0x08004ce4   0x000000d6   Code   RO          374    .text.I2C_WaitOnMasterAddressFlagUntilTimeout  stm32f1xx_hal_i2c.o
    0x08004dba   0x08004dba   0x00000002   PAD
    0x08004dbc   0x08004dbc   0x000000ba   Code   RO          258    .text.I2C_WaitOnTXEFlagUntilTimeout  stm32f1xx_hal_i2c.o
    0x08004e76   0x08004e76   0x00000002   PAD
    0x08004e78   0x08004e78   0x00000064   Code   RO          118    .text.MX_DMA_Init   dma.o
    0x08004edc   0x08004edc   0x00000056   Code   RO          110    .text.MX_GPIO_Init  gpio.o
    0x08004f32   0x08004f32   0x00000002   PAD
    0x08004f34   0x08004f34   0x00000042   Code   RO          127    .text.MX_I2C1_Init  i2c.o
    0x08004f76   0x08004f76   0x00000002   PAD
    0x08004f78   0x08004f78   0x000000ca   Code   RO          142    .text.MX_TIM2_Init  tim.o
    0x08005042   0x08005042   0x00000002   PAD
    0x08005044   0x08005044   0x0000003c   Code   RO          159    .text.MX_USART1_UART_Init  usart.o
    0x08005080   0x08005080   0x0000003c   Code   RO          161    .text.MX_USART2_UART_Init  usart.o
    0x080050bc   0x080050bc   0x00000002   Code   RO          190    .text.MemManage_Handler  stm32f1xx_it.o
    0x080050be   0x080050be   0x00000002   PAD
    0x080050c0   0x080050c0   0x00000002   Code   RO          186    .text.NMI_Handler   stm32f1xx_it.o
    0x080050c2   0x080050c2   0x00000002   PAD
    0x080050c4   0x080050c4   0x000000ac   Code   RO           19    .text.OLED_Clear    oled.o
    0x08005170   0x08005170   0x0000006a   Code   RO           21    .text.OLED_Display_On  oled.o
    0x080051da   0x080051da   0x00000002   PAD
    0x080051dc   0x080051dc   0x00000282   Code   RO           11    .text.OLED_Init     oled.o
    0x0800545e   0x0800545e   0x00000002   PAD
    0x08005460   0x08005460   0x0000066e   Code   RO           29    .text.OLED_ShowChar  oled.o
    0x08005ace   0x08005ace   0x00000002   PAD
    0x08005ad0   0x08005ad0   0x000000ac   Code   RO           31    .text.OLED_ShowString  oled.o
    0x08005b7c   0x08005b7c   0x00000002   Code   RO          200    .text.PendSV_Handler  stm32f1xx_it.o
    0x08005b7e   0x08005b7e   0x00000002   PAD
    0x08005b80   0x08005b80   0x00000002   Code   RO          196    .text.SVC_Handler   stm32f1xx_it.o
    0x08005b82   0x08005b82   0x00000002   PAD
    0x08005b84   0x08005b84   0x00000004   Code   RO          202    .text.SysTick_Handler  stm32f1xx_it.o
    0x08005b88   0x08005b88   0x00000002   Code   RO         1156    .text.SystemInit    system_stm32f1xx.o
    0x08005b8a   0x08005b8a   0x00000002   PAD
    0x08005b8c   0x08005b8c   0x0000000c   Code   RO         1116    .text.UART_DMAAbortOnError  stm32f1xx_hal_uart.o
    0x08005b98   0x08005b98   0x0000017c   Code   RO         1066    .text.UART_DMAError  stm32f1xx_hal_uart.o
    0x08005d14   0x08005d14   0x0000015e   Code   RO         1144    .text.UART_DMAReceiveCplt  stm32f1xx_hal_uart.o
    0x08005e72   0x08005e72   0x00000002   PAD
    0x08005e74   0x08005e74   0x00000018   Code   RO         1146    .text.UART_DMARxHalfCplt  stm32f1xx_hal_uart.o
    0x08005e8c   0x08005e8c   0x000000b0   Code   RO         1062    .text.UART_DMATransmitCplt  stm32f1xx_hal_uart.o
    0x08005f3c   0x08005f3c   0x00000006   Code   RO         1064    .text.UART_DMATxHalfCplt  stm32f1xx_hal_uart.o
    0x08005f42   0x08005f42   0x00000002   PAD
    0x08005f44   0x08005f44   0x000000fe   Code   RO         1114    .text.UART_Receive_IT  stm32f1xx_hal_uart.o
    0x08006042   0x08006042   0x00000002   PAD
    0x08006044   0x08006044   0x0000000c   Code   RO          212    .text.USART1_IRQHandler  stm32f1xx_it.o
    0x08006050   0x08006050   0x0000000c   Code   RO          214    .text.USART2_IRQHandler  stm32f1xx_it.o
    0x0800605c   0x0800605c   0x00000002   Code   RO          194    .text.UsageFault_Handler  stm32f1xx_it.o
    0x0800605e   0x0800605e   0x00000002   PAD
    0x08006060   0x08006060   0x00000248   Code   RO           93    .text.main          main.o
    0x080062a8   0x080062a8   0x0000003e   Code   RO         1409    CL$$btod_d2e        c_w.l(btod.o)
    0x080062e6   0x080062e6   0x00000046   Code   RO         1411    CL$$btod_d2e_denorm_low  c_w.l(btod.o)
    0x0800632c   0x0800632c   0x00000060   Code   RO         1410    CL$$btod_d2e_norm_op1  c_w.l(btod.o)
    0x0800638c   0x0800638c   0x00000338   Code   RO         1419    CL$$btod_div_common  c_w.l(btod.o)
    0x080066c4   0x080066c4   0x00000084   Code   RO         1417    CL$$btod_e2d        c_w.l(btod.o)
    0x08006748   0x08006748   0x000000dc   Code   RO         1416    CL$$btod_e2e        c_w.l(btod.o)
    0x08006824   0x08006824   0x0000002a   Code   RO         1413    CL$$btod_ediv       c_w.l(btod.o)
    0x0800684e   0x0800684e   0x0000002a   Code   RO         1415    CL$$btod_edivd      c_w.l(btod.o)
    0x08006878   0x08006878   0x0000002a   Code   RO         1412    CL$$btod_emul       c_w.l(btod.o)
    0x080068a2   0x080068a2   0x0000002a   Code   RO         1414    CL$$btod_emuld      c_w.l(btod.o)
    0x080068cc   0x080068cc   0x00000244   Code   RO         1418    CL$$btod_mult_common  c_w.l(btod.o)
    0x08006b10   0x08006b10   0x00000028   Code   RO         1448    i.__ARM_fpclassify  m_ws.l(fpclassify.o)
    0x08006b38   0x08006b38   0x0000000e   Code   RO         1632    i.__mathlib_dbl_overflow  m_ws.l(dunder.o)
    0x08006b46   0x08006b46   0x00000002   PAD
    0x08006b48   0x08006b48   0x00000010   Code   RO         1634    i.__mathlib_dbl_underflow  m_ws.l(dunder.o)
    0x08006b58   0x08006b58   0x00000010   Code   RO         1541    i.__mathlib_narrow  m_ws.l(narrow.o)
    0x08006b68   0x08006b68   0x000000bc   Code   RO         1542    i.__mathlib_tofloat  m_ws.l(narrow.o)
    0x08006c24   0x08006c24   0x00000016   Code   RO         1596    i.__support_ldexp   m_ws.l(ldexp.o)
    0x08006c3a   0x08006c3a   0x0000000e   Code   RO         1194    i._is_digit         c_w.l(__printf_wp.o)
    0x08006c48   0x08006c48   0x0000002c   Code   RO         1254    i.atof              m_ws.l(atof.o)
    0x08006c74   0x08006c74   0x00000058   Code   RO         1569    i.frexp             m_ws.l(frexp.o)
    0x08006ccc   0x08006ccc   0x00000074   Code   RO         1597    i.ldexp             m_ws.l(ldexp.o)
    0x08006d40   0x08006d40   0x0000002c   Code   RO         1436    locale$$code        c_w.l(lc_numeric_c.o)
    0x08006d6c   0x08006d6c   0x0000002c   Code   RO         1461    locale$$code        c_w.l(lc_ctype_c.o)
    0x08006d98   0x08006d98   0x00000062   Code   RO         1562    x$fpl$d2f           fz_ws.l(d2f.o)
    0x08006dfa   0x08006dfa   0x00000002   PAD
    0x08006dfc   0x08006dfc   0x00000010   Code   RO         1626    x$fpl$dcheck1       fz_ws.l(dcheck1.o)
    0x08006e0c   0x08006e0c   0x00000018   Code   RO         1589    x$fpl$dcmpinf       fz_ws.l(dcmpi.o)
    0x08006e24   0x08006e24   0x00000078   Code   RO         1564    x$fpl$deqf          fz_ws.l(deqf.o)
    0x08006e9c   0x08006e9c   0x0000005e   Code   RO         1227    x$fpl$dfix          fz_ws.l(dfix.o)
    0x08006efa   0x08006efa   0x00000002   PAD
    0x08006efc   0x08006efc   0x00000078   Code   RO         1591    x$fpl$dleqf         fz_ws.l(dleqf.o)
    0x08006f74   0x08006f74   0x0000009c   Code   RO         1345    x$fpl$dnaninf       fz_ws.l(dnaninf.o)
    0x08007010   0x08007010   0x0000006c   Code   RO         1566    x$fpl$drleqf        fz_ws.l(drleqf.o)
    0x0800707c   0x0800707c   0x0000000a   Code   RO         1355    x$fpl$fretinf       fz_ws.l(fretinf.o)
    0x08007086   0x08007086   0x00000006   Code   RO         1444    x$fpl$ieeestatus    fz_ws.l(istatus.o)
    0x0800708c   0x0800708c   0x00000004   Code   RO         1251    x$fpl$printf1       fz_ws.l(printf1.o)
    0x08007090   0x08007090   0x00000004   Code   RO         1357    x$fpl$printf2       fz_ws.l(printf2.o)
    0x08007094   0x08007094   0x00000064   Code   RO         1658    x$fpl$retnan        fz_ws.l(retnan.o)
    0x080070f8   0x080070f8   0x0000005c   Code   RO         1593    x$fpl$scalbn        fz_ws.l(scalbn.o)
    0x08007154   0x08007154   0x00000004   Code   RO         1446    x$fpl$scanf1        fz_ws.l(scanf1.o)
    0x08007158   0x08007158   0x00000008   Code   RO         1535    x$fpl$scanf2        fz_ws.l(scanf2.o)
    0x08007160   0x08007160   0x00000030   Code   RO         1668    x$fpl$trapveneer    fz_ws.l(trapv.o)
    0x08007190   0x08007190   0x00000000   Code   RO         1363    x$fpl$usenofp       fz_ws.l(usenofp.o)
    0x08007190   0x08007190   0x00000011   Data   RO         1202    .constdata          c_w.l(__printf_flags_ss_wp.o)
    0x080071a1   0x080071a1   0x00000003   PAD
    0x080071a4   0x080071a4   0x00000008   Data   RO         1286    .constdata          c_w.l(_printf_wctomb.o)
    0x080071ac   0x080071ac   0x00000028   Data   RO         1315    .constdata          c_w.l(_printf_hex_int_ll_ptr.o)
    0x080071d4   0x080071d4   0x00000026   Data   RO         1394    .constdata          c_w.l(_printf_fp_hex.o)
    0x080071fa   0x080071fa   0x00000002   PAD
    0x080071fc   0x080071fc   0x00000094   Data   RO         1407    .constdata          c_w.l(bigflt0.o)
    0x08007290   0x08007290   0x00000010   Data   RO         1161    .rodata.AHBPrescTable  system_stm32f1xx.o
    0x080072a0   0x080072a0   0x00000008   Data   RO         1162    .rodata.APBPrescTable  system_stm32f1xx.o
    0x080072a8   0x080072a8   0x00000228   Data   RO           84    .rodata.F6x8        oledfont.o
    0x080074d0   0x080074d0   0x000005e0   Data   RO           85    .rodata.F8X16       oledfont.o
    0x08007ab0   0x08007ab0   0x00000002   Data   RO          473    .rodata.HAL_RCC_GetSysClockFreq.aPredivFactorTable  stm32f1xx_hal_rcc.o
    0x08007ab2   0x08007ab2   0x00000010   Data   RO          472    .rodata.cst16       stm32f1xx_hal_rcc.o
    0x08007ac2   0x08007ac2   0x00000057   Data   RO           73    .rodata.str1.1      uart_at.o
    0x08007b19   0x08007b19   0x0000002f   Data   RO           99    .rodata.str1.1      main.o
    0x08007b48   0x08007b48   0x00000020   Data   RO         1687    Region$$Table       anon$$obj.o
    0x08007b68   0x08007b68   0x00000008   Data   RO         1529    c$$dinf             fz_ws.l(fpconst.o)
    0x08007b70   0x08007b70   0x00000008   Data   RO         1532    c$$dmax             fz_ws.l(fpconst.o)
    0x08007b78   0x08007b78   0x0000001c   Data   RO         1435    locale$$data        c_w.l(lc_numeric_c.o)
    0x08007b94   0x08007b94   0x00000110   Data   RO         1460    locale$$data        c_w.l(lc_ctype_c.o)


    Execution Region RW_IRAM1 (Exec base: 0x20000000, Load base: 0x08007ca8, Size: 0x00001570, Max: 0x00005000, ABSOLUTE)

    Exec Addr    Load Addr    Size         Type   Attr      Idx    E Section Name        Object

    0x20000000   0x08007ca8   0x00000004   Data   RW         1211    .data               c_w.l(strtok.o)
    0x20000004   0x08007cac   0x00000008   Data   RW          435    .data..L_MergedGlobals  stm32f1xx_hal.o
    0x2000000c   0x08007cb4   0x00000001   Data   RW           71    .data.AT_TX_FLAG    uart_at.o
    0x2000000d   0x08007cb5   0x00000017   Data   RW           51    .data.CMD_Data      oled.o
    0x20000024   0x08007ccc   0x00000004   Data   RW         1160    .data.SystemCoreClock  system_stm32f1xx.o
    0x20000028   0x08007cd0   0x000000a0   Data   RW           74    .data.mqtt_pub_data  uart_at.o
    0x200000c8        -       0x00000060   Zero   RW         1365    .bss                c_w.l(libspace.o)
    0x20000128        -       0x00000002   Zero   RW           75    .bss..L_MergedGlobals  uart_at.o
    0x2000012a        -       0x00000002   Zero   RW          101    .bss..L_MergedGlobals  main.o
    0x2000012c        -       0x00000400   Zero   RW           70    .bss.AT_RX_BUFF     uart_at.o
    0x2000052c        -       0x00000400   Zero   RW           72    .bss.AT_UART_Send_String.AT_TX_BUFF  uart_at.o
    0x2000092c        -       0x00000044   Zero   RW          174    .bss.hdma_usart1_rx  usart.o
    0x20000970        -       0x00000044   Zero   RW          175    .bss.hdma_usart1_tx  usart.o
    0x200009b4        -       0x00000044   Zero   RW          176    .bss.hdma_usart2_rx  usart.o
    0x200009f8        -       0x00000044   Zero   RW          177    .bss.hdma_usart2_tx  usart.o
    0x20000a3c        -       0x00000054   Zero   RW          133    .bss.hi2c1          i2c.o
    0x20000a90        -       0x00000048   Zero   RW          150    .bss.htim2          tim.o
    0x20000ad8        -       0x00000048   Zero   RW          172    .bss.huart1         usart.o
    0x20000b20        -       0x00000048   Zero   RW          173    .bss.huart2         usart.o
    0x20000b68        -       0x00000400   Zero   RW          171    .bss.receiveBuffer  usart.o
    0x20000f68        -       0x00000004   Zero   RW          434    .bss.uwTick         stm32f1xx_hal.o
    0x20000f6c   0x08007d70   0x00000004   PAD
    0x20000f70        -       0x00000200   Zero   RW            2    HEAP                startup_stm32f103xb.o
    0x20001170        -       0x00000400   Zero   RW            1    STACK               startup_stm32f103xb.o


==============================================================================

Image component sizes


      Code (inc. data)   RO Data    RW Data    ZI Data      Debug   Object Name

       100          0          0          0          0       2167   dma.o
        86          0          0          0          0        954   gpio.o
       172          0          0          0         84       4460   i2c.o
       594        108         47          0          2       4233   main.o
      2738          0          0         23          0      21564   oled.o
         0          0       2056          0          0        507   oledfont.o
        64         26        236          0       1536        784   startup_stm32f103xb.o
       188          0          0          8          4       5738   stm32f1xx_hal.o
       196          0          0          0          0       8392   stm32f1xx_hal_cortex.o
       960          0          0          0          0       8259   stm32f1xx_hal_dma.o
       526         22          0          0          0       4666   stm32f1xx_hal_gpio.o
      1948          0          0          0          0      44825   stm32f1xx_hal_i2c.o
        66          0          0          0          0       1188   stm32f1xx_hal_msp.o
      1542          0         18          0          0       7926   stm32f1xx_hal_rcc.o
      1148          6          0          0          0      57581   stm32f1xx_hal_tim.o
       126          0          0          0          0      20952   stm32f1xx_hal_tim_ex.o
      3506          0          0          0          0      32731   stm32f1xx_hal_uart.o
        92          0          0          0          0       4360   stm32f1xx_it.o
         2          0         24          4          0       1576   system_stm32f1xx.o
       244          0          0          0         72       5720   tim.o
      1524        220         87        161       2050       5095   uart_at.o
       794          0          0          0       1440       6515   usart.o

    ----------------------------------------------------------------------
     16712        382       2500        196       5192     250193   Object Totals
         0          0         32          0          0          0   (incl. Generated)
        96          0          0          0          4          0   (incl. Padding)

    ----------------------------------------------------------------------

      Code (inc. data)   RO Data    RW Data    ZI Data      Debug   Library Member Name

        44          6          0          0          0         84   __2sprintf.o
         8          0          0          0          0         68   __main.o
       392          4         17          0          0         92   __printf_flags_ss_wp.o
        14          0          0          0          0         68   __printf_wp.o
         0          0          0          0          0          0   __rtentry.o
        12          0          0          0          0          0   __rtentry2.o
         6          0          0          0          0          0   __rtentry4.o
        94          8          0          0          0          0   __scatter.o
        26          0          0          0          0          0   __scatter_copy.o
        28          0          0          0          0          0   __scatter_zi.o
        72          0          0          0          0         96   _c16rtomb.o
        28          0          0          0          0         68   _chval.o
         6          0          0          0          0          0   _printf_a.o
         6          0          0          0          0          0   _printf_c.o
        44          0          0          0          0        108   _printf_char.o
        48          6          0          0          0         96   _printf_char_common.o
        40          0          0          0          0         68   _printf_charcount.o
         6          0          0          0          0          0   _printf_d.o
       120         16          0          0          0         92   _printf_dec.o
         6          0          0          0          0          0   _printf_e.o
         6          0          0          0          0          0   _printf_f.o
      1052          0          0          0          0        148   _printf_fp_dec.o
       764          8         38          0          0        100   _printf_fp_hex.o
       128         16          0          0          0         84   _printf_fp_infnan.o
         6          0          0          0          0          0   _printf_g.o
       148          4         40          0          0        160   _printf_hex_int_ll_ptr.o
         6          0          0          0          0          0   _printf_i.o
       178          0          0          0          0         88   _printf_intcommon.o
        10          0          0          0          0          0   _printf_l.o
         6          0          0          0          0          0   _printf_lc.o
        10          0          0          0          0          0   _printf_ll.o
         6          0          0          0          0          0   _printf_lld.o
         6          0          0          0          0          0   _printf_lli.o
         6          0          0          0          0          0   _printf_llo.o
         6          0          0          0          0          0   _printf_llu.o
         6          0          0          0          0          0   _printf_llx.o
       124         16          0          0          0         92   _printf_longlong_dec.o
         6          0          0          0          0          0   _printf_ls.o
         6          0          0          0          0          0   _printf_n.o
         6          0          0          0          0          0   _printf_o.o
       112          8          0          0          0        124   _printf_oct_int_ll.o
         6          0          0          0          0          0   _printf_p.o
        78          0          0          0          0        108   _printf_pad.o
         0          0          0          0          0          0   _printf_percent.o
         4          0          0          0          0          0   _printf_percent_end.o
         6          0          0          0          0          0   _printf_s.o
        82          0          0          0          0         80   _printf_str.o
        36          0          0          0          0         84   _printf_truncate.o
         6          0          0          0          0          0   _printf_u.o
        44          0          0          0          0        108   _printf_wchar.o
       188          6          8          0          0         92   _printf_wctomb.o
         6          0          0          0          0          0   _printf_x.o
        22          0          0          0          0        100   _rserrno.o
        64          0          0          0          0         84   _sgetc.o
        16          0          0          0          0         68   _snputc.o
        10          0          0          0          0         68   _sputc.o
       158          0          0          0          0         92   _strtoul.o
        26          0          0          0          0         80   atoi.o
       228          4        148          0          0         96   bigflt0.o
      2152        136          0          0          0        956   btod.o
        18          0          0          0          0         80   exit.o
         6          0          0          0          0        152   heapauxi.o
         0          0          0          0          0          0   indicate_semi.o
        18          0          0          0          0         76   isspace.o
        44         10        272          0          0         76   lc_ctype_c.o
        44         10         28          0          0         76   lc_numeric_c.o
         2          0          0          0          0          0   libinit.o
        30          0          0          0          0          0   libinit2.o
         2          0          0          0          0          0   libshutdown.o
         2          0          0          0          0          0   libshutdown2.o
         8          4          0          0         96         68   libspace.o
        38          0          0          0          0         68   llshl.o
       138          0          0          0          0         80   lludiv10.o
        16          4          0          0          0         76   rt_ctype_table.o
         8          4          0          0          0         68   rt_errno_addr_intlibspace.o
         8          4          0          0          0         68   rt_locale_intlibspace.o
        68          0          0          0          0         68   rt_memclr.o
        78          0          0          0          0         80   rt_memclr_w.o
         2          0          0          0          0          0   rtexit.o
        10          0          0          0          0          0   rtexit2.o
      1272         16          0          0          0        168   scanf_fp.o
       800         14          0          0          0        100   scanf_hexfp.o
       308         16          0          0          0        100   scanf_infnan.o
       128          0          0          0          0         68   strcmpv7m.o
        32          0          0          0          0         80   strcspn.o
        62          0          0          0          0         76   strlen.o
        86          0          0          0          0         76   strncpy.o
        28          0          0          0          0         80   strspn.o
        36          0          0          0          0         80   strstr.o
       176         14          0          0          0        124   strtod.o
        12          6          0          4          0         68   strtok.o
        68          4          0          0          0         84   strtok_int.o
       112          0          0          0          0         88   strtol.o
        12          4          0          0          0         68   sys_exit.o
        74          0          0          0          0         80   sys_stackheap_outer.o
         2          0          0          0          0         68   use_no_semi.o
        60          4          0          0          0         80   vsnprintf.o
        98          4          0          0          0         92   d2f.o
        16          4          0          0          0         68   dcheck1.o
        24          0          0          0          0         68   dcmpi.o
       120          4          0          0          0         92   deqf.o
        94          4          0          0          0         92   dfix.o
       120          4          0          0          0         92   dleqf.o
       156          4          0          0          0         92   dnaninf.o
       108          0          0          0          0         80   drleqf.o
         0          0         16          0          0          0   fpconst.o
        10          0          0          0          0         68   fretinf.o
         6          0          0          0          0         68   istatus.o
         4          0          0          0          0         68   printf1.o
         4          0          0          0          0         68   printf2.o
       100          0          0          0          0         68   retnan.o
        92          0          0          0          0         68   scalbn.o
         4          0          0          0          0         68   scanf1.o
         8          0          0          0          0         84   scanf2.o
        48          0          0          0          0         68   trapv.o
         0          0          0          0          0          0   usenofp.o
        44          0          0          0          0         84   atof.o
        30          6          0          0          0        136   dunder.o
        40          0          0          0          0         68   fpclassify.o
        88          8          0          0          0         76   frexp.o
       138          0          0          0          0        160   ldexp.o
       204          4          0          0          0        168   narrow.o

    ----------------------------------------------------------------------
     12124        394        572          4         96       8172   Library Totals
        30          0          5          0          0          0   (incl. Padding)

    ----------------------------------------------------------------------

      Code (inc. data)   RO Data    RW Data    ZI Data      Debug   Library Name

     10538        352        551          4         96       6176   c_w.l
      1012         24         16          0          0       1304   fz_ws.l
       544         18          0          0          0        692   m_ws.l

    ----------------------------------------------------------------------
     12124        394        572          4         96       8172   Library Totals

    ----------------------------------------------------------------------

==============================================================================


      Code (inc. data)   RO Data    RW Data    ZI Data      Debug   

     28836        776       3072        200       5288     253317   Grand Totals
     28836        776       3072        200       5288     253317   ELF Image Totals
     28836        776       3072        200          0          0   ROM Totals

==============================================================================

    Total RO  Size (Code + RO Data)                31908 (  31.16kB)
    Total RW  Size (RW Data + ZI Data)              5488 (   5.36kB)
    Total ROM Size (Code + RO Data + RW Data)      32108 (  31.36kB)

==============================================================================

